2026-08-12 09:00:59 - server.services.engine_class - INFO - placed item 0 in the queue waiting to be dispatched to the decoder
2026-08-12 09:00:59 - server.services.engine_class - INFO - consuming token of length 18 of id 0
2026-08-12 09:01:01 - server.services.engine_class - INFO - placed item 100 in the queue waiting to be dispatched to the decoder
2026-08-12 09:01:01 - server.services.decoder - INFO - putting chunk generated from the decoder with index 0 in decoder queue
2026-08-12 09:01:01 - server.services.decoder - INFO - getting audio chunk 0 from decoder queue consumer to stream to the backend
2026-08-12 09:01:01 - server.services.ttsServices - INFO - Token 0 : 4096 bytes in 2.3189625469999555 seconds
2026-08-12 09:01:01 - server.services.ttsServices - INFO - TTFT for Hey there, looks like you forgot to provide a prompt! Please provide one that will help us generate speech is 2.319008697999834
2026-08-12 09:01:02 - server.services.engine_class - INFO - consuming token of length 1976 of id 100
2026-08-12 09:01:02 - server.services.ttsServices - INFO - Token 10 : 4096 bytes in 2.507476178999923 seconds
2026-08-12 09:01:02 - server.services.ttsServices - INFO - Token 20 : 4096 bytes in 3.369715059999862 seconds
2026-08-12 09:01:03 - server.services.engine_class - INFO - placed item 200 in the queue waiting to be dispatched to the decoder
2026-08-12 09:01:03 - server.services.engine_class - INFO - consuming token of length 3940 of id 200
2026-08-12 09:01:04 - server.services.ttsServices - INFO - Token 30 : 4096 bytes in 4.686764899999844 seconds
2026-08-12 09:01:05 - server.services.engine_class - INFO - placed item 300 in the queue waiting to be dispatched to the decoder
2026-08-12 09:01:05 - server.services.engine_class - INFO - consuming token of length 5904 of id 300
2026-08-12 09:01:05 - server.services.ttsServices - INFO - Token 40 : 4096 bytes in 6.005615087999786 seconds
2026-08-12 09:01:06 - server.services.ttsServices - INFO - Token 50 : 4096 bytes in 7.325706240999807 seconds
2026-08-12 09:01:07 - server.services.engine_class - INFO - placed item 400 in the queue waiting to be dispatched to the decoder
2026-08-12 09:01:07 - server.services.engine_class - INFO - consuming token of length 7864 of id 400
2026-08-12 09:01:08 - server.services.ttsServices - INFO - Token 60 : 4096 bytes in 8.64278238299994 seconds
2026-08-12 09:01:09 - server.services.engine_class - INFO - placed item 500 in the queue waiting to be dispatched to the decoder
2026-08-12 09:01:09 - server.services.engine_class - INFO - consuming token of length 9827 of id 500
2026-08-12 09:01:09 - server.services.ttsServices - INFO - Token 70 : 4096 bytes in 9.96203348999984 seconds
2026-08-12 09:01:10 - server.services.ttsServices - INFO - Time for sentence Hey there, looks like you forgot to provide a prompt! Please provide one that will help us generate speech : 11.480128610999827
