2026-08-12 12:38:44 - server.services.engine_class - INFO - placed item 0 in the queue waiting to be dispatched to the decoder
2026-08-12 12:38:44 - server.services.engine_class - INFO - consuming token of length 18 of id 0
2026-08-12 12:38:46 - server.services.engine_class - INFO - placed item 100 in the queue waiting to be dispatched to the decoder
2026-08-12 12:38:46 - server.services.decoder - INFO - putting chunk generated from the decoder with index 0 in decoder queue
2026-08-12 12:38:46 - server.services.decoder - INFO - getting audio chunk 0 from decoder queue consumer to stream to the backend
2026-08-12 12:38:46 - server.services.ttsServices - INFO - Token 0 : 4096 bytes in 2.189499921999982 seconds
2026-08-12 12:38:46 - server.services.ttsServices - INFO - TTFT for Hey there, looks like you forgot to provide a prompt! Please provide one that will help us generate speech is 2.1895468729999834
2026-08-12 12:38:46 - server.services.engine_class - INFO - consuming token of length 1977 of id 100
2026-08-12 12:38:46 - server.services.ttsServices - INFO - Token 10 : 4096 bytes in 2.3786361790000115 seconds
2026-08-12 12:38:47 - server.services.ttsServices - INFO - Token 20 : 4096 bytes in 3.336217318000024 seconds
2026-08-12 12:38:48 - server.services.engine_class - INFO - placed item 200 in the queue waiting to be dispatched to the decoder
2026-08-12 12:38:48 - server.services.engine_class - INFO - consuming token of length 3941 of id 200
2026-08-12 12:38:48 - server.services.ttsServices - INFO - Token 30 : 4096 bytes in 4.660573838000005 seconds
2026-08-12 12:38:50 - server.services.engine_class - INFO - placed item 300 in the queue waiting to be dispatched to the decoder
2026-08-12 12:38:50 - server.services.engine_class - INFO - consuming token of length 5903 of id 300
2026-08-12 12:38:50 - server.services.ttsServices - INFO - Token 40 : 4096 bytes in 5.977660696999976 seconds
2026-08-12 12:38:51 - server.services.ttsServices - INFO - Token 50 : 4096 bytes in 7.291700110000022 seconds
2026-08-12 12:38:51 - server.services.engine_class - INFO - placed item 400 in the queue waiting to be dispatched to the decoder
2026-08-12 12:38:51 - server.services.engine_class - INFO - consuming token of length 7865 of id 400
2026-08-12 12:38:52 - server.services.ttsServices - INFO - Token 60 : 4096 bytes in 8.611047159000009 seconds
2026-08-12 12:38:53 - server.services.engine_class - INFO - placed item 500 in the queue waiting to be dispatched to the decoder
2026-08-12 12:38:53 - server.services.engine_class - INFO - consuming token of length 9829 of id 500
2026-08-12 12:38:54 - server.services.ttsServices - INFO - Time for sentence Hey there, looks like you forgot to provide a prompt! Please provide one that will help us generate speech : 10.096588430999986
2026-08-12 12:43:48 - server.services.engine_class - INFO - placed item 0 in the queue waiting to be dispatched to the decoder
2026-08-12 12:43:48 - server.services.engine_class - INFO - consuming token of length 18 of id 0
2026-08-12 12:43:48 - server.services.decoder - INFO - putting chunk generated from the decoder with index 0 in decoder queue
2026-08-12 12:43:48 - server.services.decoder - INFO - getting audio chunk 0 from decoder queue consumer to stream to the backend
2026-08-12 12:43:48 - server.services.ttsServices - INFO - Token 0 : 4096 bytes in 0.561546366000016 seconds
2026-08-12 12:43:48 - server.services.ttsServices - INFO - TTFT for Hello, nice to meet you. is 0.5615885869999602
2026-08-12 12:43:50 - server.services.ttsServices - INFO - Token 10 : 4096 bytes in 1.863419795000027 seconds
2026-08-12 12:43:50 - server.services.engine_class - INFO - placed item 100 in the queue waiting to be dispatched to the decoder
2026-08-12 12:43:50 - server.services.engine_class - INFO - consuming token of length 1980 of id 100
2026-08-12 12:43:51 - server.services.ttsServices - INFO - Token 20 : 4096 bytes in 3.1863605889999462 seconds
2026-08-12 12:43:52 - server.services.engine_class - INFO - placed item 200 in the queue waiting to be dispatched to the decoder
2026-08-12 12:43:52 - server.services.engine_class - INFO - consuming token of length 3662 of id 200
2026-08-12 12:43:52 - server.services.ttsServices - INFO - Time for sentence Hello, nice to meet you. : 3.9430687640000315
2026-08-12 12:43:52 - server.services.engine_class - INFO - placed item 0 in the queue waiting to be dispatched to the decoder
2026-08-12 12:43:52 - server.services.engine_class - INFO - consuming token of length 18 of id 0
2026-08-12 12:43:53 - server.services.decoder - INFO - putting chunk generated from the decoder with index 0 in decoder queue
2026-08-12 12:43:53 - server.services.decoder - INFO - getting audio chunk 0 from decoder queue consumer to stream to the backend
2026-08-12 12:43:53 - server.services.ttsServices - INFO - Token 0 : 4096 bytes in 0.8099213330000339 seconds
2026-08-12 12:43:53 - server.services.ttsServices - INFO - TTFT for  To tailor the interview, please tell me: is 0.8099602629999936
2026-08-12 12:43:55 - server.services.ttsServices - INFO - Token 10 : 4096 bytes in 2.0973290010000483 seconds
2026-08-12 12:43:55 - server.services.engine_class - INFO - placed item 100 in the queue waiting to be dispatched to the decoder
2026-08-12 12:43:55 - server.services.engine_class - INFO - consuming token of length 1976 of id 100
2026-08-12 12:43:56 - server.services.ttsServices - INFO - Token 20 : 4096 bytes in 3.413677209999946 seconds
2026-08-12 12:43:56 - server.services.engine_class - INFO - placed item 200 in the queue waiting to be dispatched to the decoder
2026-08-12 12:43:56 - server.services.engine_class - INFO - consuming token of length 3940 of id 200
2026-08-12 12:43:57 - server.services.ttsServices - INFO - Time for sentence  To tailor the interview, please tell me: : 5.071469174999947
2026-08-12 12:43:58 - server.services.engine_class - INFO - placed item 0 in the queue waiting to be dispatched to the decoder
2026-08-12 12:43:58 - server.services.engine_class - INFO - consuming token of length 18 of id 0
2026-08-12 12:43:59 - server.services.decoder - INFO - putting chunk generated from the decoder with index 0 in decoder queue
2026-08-12 12:43:59 - server.services.decoder - INFO - getting audio chunk 0 from decoder queue consumer to stream to the backend
2026-08-12 12:43:59 - server.services.ttsServices - INFO - Token 0 : 4096 bytes in 0.8625645070000019 seconds
2026-08-12 12:43:59 - server.services.ttsServices - INFO - TTFT for  1) the role you’re interviewing for (title and industry), 2) a brief snapshot of your relevant experience, and 3) any specific strengths you want to highlight. is 0.8626041879999775
2026-08-12 12:44:00 - server.services.ttsServices - INFO - Token 10 : 4096 bytes in 2.154180548999989 seconds
2026-08-12 12:44:00 - server.services.engine_class - INFO - placed item 100 in the queue waiting to be dispatched to the decoder
2026-08-12 12:44:00 - server.services.engine_class - INFO - consuming token of length 1974 of id 100
2026-08-12 12:44:01 - server.services.ttsServices - INFO - Token 20 : 4096 bytes in 3.4777975480000123 seconds
2026-08-12 12:44:02 - server.services.engine_class - INFO - placed item 200 in the queue waiting to be dispatched to the decoder
2026-08-12 12:44:02 - server.services.engine_class - INFO - consuming token of length 3939 of id 200
2026-08-12 12:44:03 - server.services.ttsServices - INFO - Token 30 : 4096 bytes in 4.796532790000015 seconds
2026-08-12 12:44:04 - server.services.engine_class - INFO - placed item 300 in the queue waiting to be dispatched to the decoder
2026-08-12 12:44:04 - server.services.engine_class - INFO - consuming token of length 5902 of id 300
2026-08-12 12:44:04 - server.services.ttsServices - INFO - Token 40 : 4096 bytes in 6.11693509700001 seconds
2026-08-12 12:44:05 - server.services.ttsServices - INFO - Token 50 : 4096 bytes in 7.433830221999983 seconds
2026-08-12 12:44:06 - server.services.engine_class - INFO - placed item 400 in the queue waiting to be dispatched to the decoder
2026-08-12 12:44:06 - server.services.engine_class - INFO - consuming token of length 7863 of id 400
2026-08-12 12:44:07 - server.services.ttsServices - INFO - Token 60 : 4096 bytes in 8.75426947599999 seconds
2026-08-12 12:44:08 - server.services.engine_class - INFO - placed item 500 in the queue waiting to be dispatched to the decoder
2026-08-12 12:44:08 - server.services.engine_class - INFO - consuming token of length 9823 of id 500
2026-08-12 12:44:08 - server.services.ttsServices - INFO - Token 70 : 4096 bytes in 10.086838528000044 seconds
2026-08-12 12:44:09 - server.services.ttsServices - INFO - Token 80 : 4096 bytes in 11.402705480999998 seconds
2026-08-12 12:44:10 - server.services.engine_class - INFO - placed item 600 in the queue waiting to be dispatched to the decoder
2026-08-12 12:44:10 - server.services.engine_class - INFO - consuming token of length 11783 of id 600
2026-08-12 12:44:11 - server.services.ttsServices - INFO - Token 90 : 4096 bytes in 12.725230431 seconds
2026-08-12 12:44:12 - server.services.engine_class - INFO - placed item 700 in the queue waiting to be dispatched to the decoder
2026-08-12 12:44:12 - server.services.engine_class - INFO - consuming token of length 13742 of id 700
2026-08-12 12:44:12 - server.services.decoder - INFO - putting chunk generated from the decoder with index 100 in decoder queue
2026-08-12 12:44:12 - server.services.decoder - INFO - getting audio chunk 100 from decoder queue consumer to stream to the backend
2026-08-12 12:44:12 - server.services.ttsServices - INFO - Token 100 : 4096 bytes in 14.044034957999997 seconds
2026-08-12 12:44:13 - server.services.ttsServices - INFO - Token 110 : 4096 bytes in 15.366332882000052 seconds
2026-08-12 12:44:13 - server.services.engine_class - INFO - placed item 800 in the queue waiting to be dispatched to the decoder
2026-08-12 12:44:13 - server.services.engine_class - INFO - consuming token of length 15707 of id 800
2026-08-12 12:44:15 - server.services.ttsServices - INFO - Token 120 : 4096 bytes in 16.688958134000018 seconds
2026-08-12 12:44:15 - server.services.engine_class - INFO - placed item 900 in the queue waiting to be dispatched to the decoder
2026-08-12 12:44:15 - server.services.engine_class - INFO - consuming token of length 17620 of id 900
2026-08-12 12:44:16 - server.services.ttsServices - INFO - Time for sentence  1) the role you’re interviewing for (title and industry), 2) a brief snapshot of your relevant experience, and 3) any specific strengths you want to highlight. : 17.822260397000036
2026-08-12 12:44:16 - server.services.engine_class - INFO - placed item 0 in the queue waiting to be dispatched to the decoder
2026-08-12 12:44:16 - server.services.engine_class - INFO - consuming token of length 18 of id 0
2026-08-12 12:44:18 - server.services.decoder - INFO - putting chunk generated from the decoder with index 0 in decoder queue
2026-08-12 12:44:18 - server.services.decoder - INFO - getting audio chunk 0 from decoder queue consumer to stream to the backend
2026-08-12 12:44:18 - server.services.ttsServices - INFO - Token 0 : 4096 bytes in 1.2330609200000708 seconds
2026-08-12 12:44:18 - server.services.ttsServices - INFO - TTFT for  If you’d like, we can start with a classic opener: is 1.233103091000089
2026-08-12 12:44:19 - server.services.ttsServices - INFO - Token 10 : 4096 bytes in 3.1778250470000557 seconds
2026-08-12 12:44:20 - server.services.engine_class - INFO - placed item 100 in the queue waiting to be dispatched to the decoder
2026-08-12 12:44:20 - server.services.engine_class - INFO - consuming token of length 1974 of id 100
2026-08-12 12:44:21 - server.services.ttsServices - INFO - Token 20 : 4096 bytes in 4.501772394999989 seconds
2026-08-12 12:44:21 - server.services.engine_class - INFO - placed item 200 in the queue waiting to be dispatched to the decoder
2026-08-12 12:44:21 - server.services.engine_class - INFO - consuming token of length 3938 of id 200
2026-08-12 12:44:22 - server.services.ttsServices - INFO - Token 30 : 4096 bytes in 5.819939913000098 seconds
2026-08-12 12:44:23 - server.services.engine_class - INFO - placed item 300 in the queue waiting to be dispatched to the decoder
2026-08-12 12:44:23 - server.services.engine_class - INFO - consuming token of length 5903 of id 300
2026-08-12 12:44:23 - server.services.ttsServices - INFO - Token 40 : 4096 bytes in 7.137293053999997 seconds
2026-08-12 12:44:25 - server.services.ttsServices - INFO - Token 50 : 4096 bytes in 8.45351301900007 seconds
2026-08-12 12:44:25 - server.services.engine_class - INFO - placed item 400 in the queue waiting to be dispatched to the decoder
2026-08-12 12:44:25 - server.services.engine_class - INFO - consuming token of length 7599 of id 400
2026-08-12 12:44:26 - server.services.ttsServices - INFO - Time for sentence  If you’d like, we can start with a classic opener: : 9.435041031000083
2026-08-12 12:44:26 - server.services.engine_class - INFO - placed item 0 in the queue waiting to be dispatched to the decoder
2026-08-12 12:44:26 - server.services.engine_class - INFO - consuming token of length 18 of id 0
2026-08-12 12:44:27 - server.services.decoder - INFO - putting chunk generated from the decoder with index 0 in decoder queue
2026-08-12 12:44:27 - server.services.decoder - INFO - getting audio chunk 0 from decoder queue consumer to stream to the backend
2026-08-12 12:44:27 - server.services.ttsServices - INFO - Token 0 : 4096 bytes in 1.1332812790000162 seconds
2026-08-12 12:44:27 - server.services.ttsServices - INFO - TTFT for  “Tell me about yourself.” is 1.133320939999976
2026-08-12 12:44:28 - server.services.ttsServices - INFO - Token 10 : 4096 bytes in 2.39151536199995 seconds
2026-08-12 12:44:28 - server.services.engine_class - INFO - placed item 100 in the queue waiting to be dispatched to the decoder
2026-08-12 12:44:28 - server.services.engine_class - INFO - consuming token of length 1977 of id 100
2026-08-12 12:44:30 - server.services.ttsServices - INFO - Time for sentence  “Tell me about yourself.” : 4.129563817999951
