2026-08-17 11:17:30 - server.services.engine_class - INFO - placed item 0 in the queue waiting to be dispatched to the decoder
2026-08-17 11:17:30 - server.services.engine_class - INFO - consuming token of length 18 of id 0
2026-08-17 11:17:32 - server.services.engine_class - INFO - placed item 100 in the queue waiting to be dispatched to the decoder
2026-08-17 11:17:32 - server.services.decoder - INFO - putting chunk generated from the decoder with index 0 in decoder queue
2026-08-17 11:17:32 - server.services.decoder - INFO - getting audio chunk 0 from decoder queue consumer to stream to the backend
2026-08-17 11:17:32 - server.services.ttsServices - INFO - Token 0 : 4096 bytes in 2.4643373589999555 seconds
2026-08-17 11:17:32 - server.services.ttsServices - INFO - TTFT for Hey there, looks like you forgot to provide a prompt! Please provide one that will help us generate speech is 2.4643846999999823
2026-08-17 11:17:33 - server.services.engine_class - INFO - consuming token of length 1977 of id 100
2026-08-17 11:17:33 - server.services.ttsServices - INFO - Token 10 : 4096 bytes in 2.680218611999976 seconds
2026-08-17 11:17:33 - server.services.ttsServices - INFO - Token 20 : 4096 bytes in 3.4499820329999693 seconds
2026-08-17 11:17:34 - server.services.engine_class - INFO - placed item 200 in the queue waiting to be dispatched to the decoder
2026-08-17 11:17:34 - server.services.engine_class - INFO - consuming token of length 3939 of id 200
2026-08-17 11:17:35 - server.services.ttsServices - INFO - Token 30 : 4096 bytes in 4.759442370999977 seconds
2026-08-17 11:17:36 - server.services.engine_class - INFO - placed item 300 in the queue waiting to be dispatched to the decoder
2026-08-17 11:17:36 - server.services.engine_class - INFO - consuming token of length 5899 of id 300
2026-08-17 11:17:36 - server.services.ttsServices - INFO - Token 40 : 4096 bytes in 6.079227238999977 seconds
2026-08-17 11:17:37 - server.services.ttsServices - INFO - Token 50 : 4096 bytes in 7.409125646000007 seconds
2026-08-17 11:17:38 - server.services.engine_class - INFO - placed item 400 in the queue waiting to be dispatched to the decoder
2026-08-17 11:17:38 - server.services.engine_class - INFO - consuming token of length 7860 of id 400
2026-08-17 11:17:39 - server.services.ttsServices - INFO - Token 60 : 4096 bytes in 8.725191823999978 seconds
2026-08-17 11:17:40 - server.services.engine_class - INFO - placed item 500 in the queue waiting to be dispatched to the decoder
2026-08-17 11:17:40 - server.services.engine_class - INFO - consuming token of length 9825 of id 500
2026-08-17 11:17:40 - server.services.ttsServices - INFO - Token 70 : 4096 bytes in 10.035137539999994 seconds
2026-08-17 11:17:41 - server.services.ttsServices - INFO - Time for sentence Hey there, looks like you forgot to provide a prompt! Please provide one that will help us generate speech : 11.488323525999988
2026-08-17 14:04:37 - server.services.engine_class - INFO - placed item 0 in the queue waiting to be dispatched to the decoder
2026-08-17 14:04:37 - server.services.engine_class - INFO - consuming token of length 18 of id 0
2026-08-17 14:04:37 - server.services.decoder - INFO - putting chunk generated from the decoder with index 0 in decoder queue
2026-08-17 14:04:37 - server.services.decoder - INFO - getting audio chunk 0 from decoder queue consumer to stream to the backend
2026-08-17 14:04:37 - server.services.ttsServices - INFO - Token 0 : 4096 bytes in 0.5424108059996797 seconds
2026-08-17 14:04:37 - server.services.ttsServices - INFO - TTFT for Hello, and welcome. Thank you for taking the time to speak with me today. To get us started, could you please tell me what specific role or industry we are interviewing for today, or provide a brief introduction is 0.5424529770007211
2026-08-17 14:04:39 - server.services.ttsServices - INFO - Token 10 : 4096 bytes in 1.8367098790004093 seconds
2026-08-17 14:04:39 - server.services.engine_class - INFO - placed item 100 in the queue waiting to be dispatched to the decoder
2026-08-17 14:04:39 - server.services.engine_class - INFO - consuming token of length 1981 of id 100
2026-08-17 14:04:40 - server.services.ttsServices - INFO - Token 20 : 4096 bytes in 3.153796663000321 seconds
2026-08-17 14:04:41 - server.services.engine_class - INFO - placed item 200 in the queue waiting to be dispatched to the decoder
2026-08-17 14:04:41 - server.services.engine_class - INFO - consuming token of length 3943 of id 200
2026-08-17 14:04:41 - server.services.ttsServices - INFO - Token 30 : 4096 bytes in 4.4756701340011205 seconds
2026-08-17 14:04:42 - server.services.engine_class - INFO - placed item 300 in the queue waiting to be dispatched to the decoder
2026-08-17 14:04:42 - server.services.engine_class - INFO - consuming token of length 5907 of id 300
2026-08-17 14:04:43 - server.services.ttsServices - INFO - Token 40 : 4096 bytes in 5.791845980000289 seconds
2026-08-17 14:04:44 - server.services.ttsServices - INFO - Token 50 : 4096 bytes in 7.1148899310010165 seconds
2026-08-17 14:04:44 - server.services.engine_class - INFO - placed item 400 in the queue waiting to be dispatched to the decoder
2026-08-17 14:04:44 - server.services.engine_class - INFO - consuming token of length 7867 of id 400
2026-08-17 14:04:45 - server.services.ttsServices - INFO - Token 60 : 4096 bytes in 8.433125210000071 seconds
2026-08-17 14:04:46 - server.services.engine_class - INFO - placed item 500 in the queue waiting to be dispatched to the decoder
2026-08-17 14:04:46 - server.services.engine_class - INFO - consuming token of length 9829 of id 500
2026-08-17 14:04:47 - server.services.ttsServices - INFO - Token 70 : 4096 bytes in 9.758455080000203 seconds
2026-08-17 14:04:48 - server.services.ttsServices - INFO - Token 80 : 4096 bytes in 11.078883019999921 seconds
2026-08-17 14:04:48 - server.services.engine_class - INFO - placed item 600 in the queue waiting to be dispatched to the decoder
2026-08-17 14:04:48 - server.services.engine_class - INFO - consuming token of length 11791 of id 600
2026-08-17 14:04:49 - server.services.ttsServices - INFO - Token 90 : 4096 bytes in 12.403599467999811 seconds
2026-08-17 14:04:50 - server.services.engine_class - INFO - placed item 700 in the queue waiting to be dispatched to the decoder
2026-08-17 14:04:50 - server.services.engine_class - INFO - consuming token of length 13753 of id 700
2026-08-17 14:04:51 - server.services.decoder - INFO - putting chunk generated from the decoder with index 100 in decoder queue
2026-08-17 14:04:51 - server.services.decoder - INFO - getting audio chunk 100 from decoder queue consumer to stream to the backend
2026-08-17 14:04:51 - server.services.ttsServices - INFO - Token 100 : 4096 bytes in 13.731047506000323 seconds
2026-08-17 14:04:52 - server.services.ttsServices - INFO - Token 110 : 4096 bytes in 15.058946492999894 seconds
2026-08-17 14:04:52 - server.services.engine_class - INFO - placed item 800 in the queue waiting to be dispatched to the decoder
2026-08-17 14:04:52 - server.services.engine_class - INFO - consuming token of length 15714 of id 800
2026-08-17 14:04:53 - server.services.ttsServices - INFO - Token 120 : 4096 bytes in 16.388322386001164 seconds
2026-08-17 14:04:54 - server.services.engine_class - INFO - placed item 900 in the queue waiting to be dispatched to the decoder
2026-08-17 14:04:54 - server.services.engine_class - INFO - consuming token of length 17672 of id 900
2026-08-17 14:04:55 - server.services.ttsServices - INFO - Token 130 : 4096 bytes in 17.72066220399938 seconds
2026-08-17 14:04:56 - server.services.engine_class - INFO - placed item 1000 in the queue waiting to be dispatched to the decoder
2026-08-17 14:04:56 - server.services.engine_class - INFO - consuming token of length 19636 of id 1000
2026-08-17 14:04:56 - server.services.ttsServices - INFO - Token 140 : 4096 bytes in 19.050268752000193 seconds
2026-08-17 14:04:57 - server.services.ttsServices - INFO - Token 150 : 4096 bytes in 20.497572217000197 seconds
2026-08-17 14:04:58 - server.services.engine_class - INFO - placed item 1100 in the queue waiting to be dispatched to the decoder
2026-08-17 14:04:58 - server.services.engine_class - INFO - consuming token of length 21592 of id 1100
2026-08-17 14:04:59 - server.services.ttsServices - INFO - Time for sentence Hello, and welcome. Thank you for taking the time to speak with me today. To get us started, could you please tell me what specific role or industry we are interviewing for today, or provide a brief introduction : 22.10298124899964
2026-08-17 14:04:59 - server.services.engine_class - INFO - placed item 0 in the queue waiting to be dispatched to the decoder
2026-08-17 14:04:59 - server.services.engine_class - INFO - consuming token of length 18 of id 0
2026-08-17 14:04:59 - server.services.decoder - INFO - putting chunk generated from the decoder with index 0 in decoder queue
2026-08-17 14:04:59 - server.services.decoder - INFO - getting audio chunk 0 from decoder queue consumer to stream to the backend
2026-08-17 14:04:59 - server.services.ttsServices - INFO - Token 0 : 4096 bytes in 0.5575520189995586 seconds
2026-08-17 14:04:59 - server.services.ttsServices - INFO - TTFT for  about yourself and your background? is 0.5575908690007054
2026-08-17 14:05:01 - server.services.ttsServices - INFO - Token 10 : 4096 bytes in 1.8436998199995287 seconds
2026-08-17 14:05:01 - server.services.engine_class - INFO - placed item 100 in the queue waiting to be dispatched to the decoder
2026-08-17 14:05:01 - server.services.engine_class - INFO - consuming token of length 1973 of id 100
2026-08-17 14:05:02 - server.services.ttsServices - INFO - Token 20 : 4096 bytes in 3.1576068499998655 seconds
2026-08-17 14:05:03 - server.services.engine_class - INFO - placed item 200 in the queue waiting to be dispatched to the decoder
2026-08-17 14:05:03 - server.services.engine_class - INFO - consuming token of length 3937 of id 200
2026-08-17 14:05:03 - server.services.ttsServices - INFO - Token 30 : 4096 bytes in 4.474328362000961 seconds
2026-08-17 14:05:05 - server.services.engine_class - INFO - placed item 300 in the queue waiting to be dispatched to the decoder
2026-08-17 14:05:05 - server.services.engine_class - INFO - consuming token of length 5898 of id 300
2026-08-17 14:05:05 - server.services.ttsServices - INFO - Token 40 : 4096 bytes in 5.785796976999336 seconds
2026-08-17 14:05:05 - server.services.ttsServices - INFO - Time for sentence  about yourself and your background? : 6.16842417999942
2026-08-17 14:06:26 - server.services.engine_class - INFO - placed item 0 in the queue waiting to be dispatched to the decoder
2026-08-17 14:06:26 - server.services.engine_class - INFO - consuming token of length 18 of id 0
2026-08-17 14:06:27 - server.services.decoder - INFO - putting chunk generated from the decoder with index 0 in decoder queue
2026-08-17 14:06:27 - server.services.decoder - INFO - getting audio chunk 0 from decoder queue consumer to stream to the backend
2026-08-17 14:06:27 - server.services.ttsServices - INFO - Token 0 : 4096 bytes in 0.5415920730010839 seconds
2026-08-17 14:06:27 - server.services.ttsServices - INFO - TTFT for Hello, and welcome. Thank you for taking the time to speak with me today. To help us get started, could you please introduce yourself and let me know which role or industry we will be focusing on for our interview? is 0.5416316440005176
2026-08-17 14:06:28 - server.services.ttsServices - INFO - Token 10 : 4096 bytes in 1.8367474120004772 seconds
2026-08-17 14:06:28 - server.services.engine_class - INFO - placed item 100 in the queue waiting to be dispatched to the decoder
2026-08-17 14:06:28 - server.services.engine_class - INFO - consuming token of length 1978 of id 100
2026-08-17 14:06:29 - server.services.ttsServices - INFO - Token 20 : 4096 bytes in 3.149444022001262 seconds
2026-08-17 14:06:30 - server.services.engine_class - INFO - placed item 200 in the queue waiting to be dispatched to the decoder
2026-08-17 14:06:30 - server.services.engine_class - INFO - consuming token of length 3937 of id 200
2026-08-17 14:06:31 - server.services.ttsServices - INFO - Token 30 : 4096 bytes in 4.463137712000389 seconds
2026-08-17 14:06:32 - server.services.engine_class - INFO - placed item 300 in the queue waiting to be dispatched to the decoder
2026-08-17 14:06:32 - server.services.engine_class - INFO - consuming token of length 5895 of id 300
2026-08-17 14:06:32 - server.services.ttsServices - INFO - Token 40 : 4096 bytes in 5.780290994000097 seconds
2026-08-17 14:06:33 - server.services.ttsServices - INFO - Token 50 : 4096 bytes in 7.108247604999633 seconds
2026-08-17 14:06:34 - server.services.engine_class - INFO - placed item 400 in the queue waiting to be dispatched to the decoder
2026-08-17 14:06:34 - server.services.engine_class - INFO - consuming token of length 7859 of id 400
2026-08-17 14:06:35 - server.services.ttsServices - INFO - Token 60 : 4096 bytes in 8.437943537999672 seconds
2026-08-17 14:06:36 - server.services.engine_class - INFO - placed item 500 in the queue waiting to be dispatched to the decoder
2026-08-17 14:06:36 - server.services.engine_class - INFO - consuming token of length 9824 of id 500
2026-08-17 14:06:36 - server.services.ttsServices - INFO - Token 70 : 4096 bytes in 9.759900978000587 seconds
2026-08-17 14:06:37 - server.services.ttsServices - INFO - Token 80 : 4096 bytes in 11.08368268400045 seconds
2026-08-17 14:06:38 - server.services.engine_class - INFO - placed item 600 in the queue waiting to be dispatched to the decoder
2026-08-17 14:06:38 - server.services.engine_class - INFO - consuming token of length 11785 of id 600
2026-08-17 14:06:39 - server.services.ttsServices - INFO - Token 90 : 4096 bytes in 12.405244319001213 seconds
2026-08-17 14:06:39 - server.services.engine_class - INFO - placed item 700 in the queue waiting to be dispatched to the decoder
2026-08-17 14:06:39 - server.services.engine_class - INFO - consuming token of length 13751 of id 700
2026-08-17 14:06:40 - server.services.decoder - INFO - putting chunk generated from the decoder with index 100 in decoder queue
2026-08-17 14:06:40 - server.services.decoder - INFO - getting audio chunk 100 from decoder queue consumer to stream to the backend
2026-08-17 14:06:40 - server.services.ttsServices - INFO - Token 100 : 4096 bytes in 13.732140961999903 seconds
2026-08-17 14:06:41 - server.services.ttsServices - INFO - Token 110 : 4096 bytes in 15.055310116000328 seconds
2026-08-17 14:06:41 - server.services.engine_class - INFO - placed item 800 in the queue waiting to be dispatched to the decoder
2026-08-17 14:06:41 - server.services.engine_class - INFO - consuming token of length 15713 of id 800
2026-08-17 14:06:43 - server.services.ttsServices - INFO - Token 120 : 4096 bytes in 16.37611318800009 seconds
2026-08-17 14:06:43 - server.services.engine_class - INFO - placed item 900 in the queue waiting to be dispatched to the decoder
2026-08-17 14:06:43 - server.services.engine_class - INFO - consuming token of length 17672 of id 900
2026-08-17 14:06:44 - server.services.ttsServices - INFO - Token 130 : 4096 bytes in 17.700385333000668 seconds
2026-08-17 14:06:45 - server.services.engine_class - INFO - placed item 1000 in the queue waiting to be dispatched to the decoder
2026-08-17 14:06:45 - server.services.engine_class - INFO - consuming token of length 19635 of id 1000
2026-08-17 14:06:45 - server.services.ttsServices - INFO - Token 140 : 4096 bytes in 19.029466595000486 seconds
2026-08-17 14:06:47 - server.services.ttsServices - INFO - Token 150 : 4096 bytes in 20.360964003000845 seconds
2026-08-17 14:06:47 - server.services.engine_class - INFO - placed item 1100 in the queue waiting to be dispatched to the decoder
2026-08-17 14:06:47 - server.services.engine_class - INFO - consuming token of length 21596 of id 1100
2026-08-17 14:06:48 - server.services.ttsServices - INFO - Time for sentence Hello, and welcome. Thank you for taking the time to speak with me today. To help us get started, could you please introduce yourself and let me know which role or industry we will be focusing on for our interview? : 21.669063621000532
2026-08-17 14:09:41 - server.services.engine_class - INFO - placed item 0 in the queue waiting to be dispatched to the decoder
2026-08-17 14:09:41 - server.services.engine_class - INFO - consuming token of length 18 of id 0
2026-08-17 14:09:42 - server.services.decoder - INFO - putting chunk generated from the decoder with index 0 in decoder queue
2026-08-17 14:09:42 - server.services.decoder - INFO - getting audio chunk 0 from decoder queue consumer to stream to the backend
2026-08-17 14:09:42 - server.services.ttsServices - INFO - Token 0 : 4096 bytes in 0.5401368429993454 seconds
2026-08-17 14:09:42 - server.services.ttsServices - INFO - TTFT for Hello, and welcome. Thank you for taking the time to meet with me today. To get us started, could you please tell me which role you are interviewing for and provide a brief overview of your background? is 0.5401759529995616
2026-08-17 14:09:43 - server.services.ttsServices - INFO - Token 10 : 4096 bytes in 1.838711650998448 seconds
2026-08-17 14:09:43 - server.services.engine_class - INFO - placed item 100 in the queue waiting to be dispatched to the decoder
2026-08-17 14:09:43 - server.services.engine_class - INFO - consuming token of length 1978 of id 100
2026-08-17 14:09:44 - server.services.ttsServices - INFO - Token 20 : 4096 bytes in 3.1505825069998536 seconds
2026-08-17 14:09:45 - server.services.engine_class - INFO - placed item 200 in the queue waiting to be dispatched to the decoder
2026-08-17 14:09:45 - server.services.engine_class - INFO - consuming token of length 3934 of id 200
2026-08-17 14:09:46 - server.services.ttsServices - INFO - Token 30 : 4096 bytes in 4.469376189999821 seconds
2026-08-17 14:09:47 - server.services.engine_class - INFO - placed item 300 in the queue waiting to be dispatched to the decoder
2026-08-17 14:09:47 - server.services.engine_class - INFO - consuming token of length 5894 of id 300
2026-08-17 14:09:47 - server.services.ttsServices - INFO - Token 40 : 4096 bytes in 5.785750317998463 seconds
2026-08-17 14:09:48 - server.services.ttsServices - INFO - Token 50 : 4096 bytes in 7.104288376998738 seconds
2026-08-17 14:09:49 - server.services.engine_class - INFO - placed item 400 in the queue waiting to be dispatched to the decoder
2026-08-17 14:09:49 - server.services.engine_class - INFO - consuming token of length 7849 of id 400
2026-08-17 14:09:49 - server.services.ttsServices - INFO - Token 60 : 4096 bytes in 8.428880806999587 seconds
2026-08-17 14:09:50 - server.services.engine_class - INFO - placed item 500 in the queue waiting to be dispatched to the decoder
2026-08-17 14:09:50 - server.services.engine_class - INFO - consuming token of length 9809 of id 500
2026-08-17 14:09:51 - server.services.ttsServices - INFO - Token 70 : 4096 bytes in 9.757089884999004 seconds
2026-08-17 14:09:52 - server.services.ttsServices - INFO - Token 80 : 4096 bytes in 11.084389895999266 seconds
2026-08-17 14:09:52 - server.services.engine_class - INFO - placed item 600 in the queue waiting to be dispatched to the decoder
2026-08-17 14:09:52 - server.services.engine_class - INFO - consuming token of length 11775 of id 600
2026-08-17 14:09:53 - server.services.ttsServices - INFO - Token 90 : 4096 bytes in 12.409291571999347 seconds
2026-08-17 14:09:54 - server.services.engine_class - INFO - placed item 700 in the queue waiting to be dispatched to the decoder
2026-08-17 14:09:54 - server.services.engine_class - INFO - consuming token of length 13736 of id 700
2026-08-17 14:09:55 - server.services.decoder - INFO - putting chunk generated from the decoder with index 100 in decoder queue
2026-08-17 14:09:55 - server.services.decoder - INFO - getting audio chunk 100 from decoder queue consumer to stream to the backend
2026-08-17 14:09:55 - server.services.ttsServices - INFO - Token 100 : 4096 bytes in 13.735367260000203 seconds
2026-08-17 14:09:56 - server.services.engine_class - INFO - placed item 800 in the queue waiting to be dispatched to the decoder
2026-08-17 14:09:56 - server.services.engine_class - INFO - consuming token of length 15698 of id 800
2026-08-17 14:09:56 - server.services.ttsServices - INFO - Token 110 : 4096 bytes in 15.186986943999727 seconds
2026-08-17 14:09:58 - server.services.ttsServices - INFO - Token 120 : 4096 bytes in 16.50772267299908 seconds
2026-08-17 14:09:58 - server.services.engine_class - INFO - placed item 900 in the queue waiting to be dispatched to the decoder
2026-08-17 14:09:58 - server.services.engine_class - INFO - consuming token of length 17659 of id 900
2026-08-17 14:09:59 - server.services.ttsServices - INFO - Token 130 : 4096 bytes in 17.833341941999606 seconds
2026-08-17 14:10:00 - server.services.engine_class - INFO - placed item 1000 in the queue waiting to be dispatched to the decoder
2026-08-17 14:10:00 - server.services.engine_class - INFO - consuming token of length 19625 of id 1000
2026-08-17 14:10:00 - server.services.ttsServices - INFO - Token 140 : 4096 bytes in 19.17155691500011 seconds
2026-08-17 14:10:02 - server.services.ttsServices - INFO - Token 150 : 4096 bytes in 20.486373654999625 seconds
2026-08-17 14:10:02 - server.services.engine_class - INFO - placed item 1100 in the queue waiting to be dispatched to the decoder
2026-08-17 14:10:02 - server.services.engine_class - INFO - consuming token of length 21582 of id 1100
2026-08-17 14:10:03 - server.services.ttsServices - INFO - Token 160 : 4096 bytes in 21.814284235999367 seconds
2026-08-17 14:10:04 - server.services.engine_class - INFO - placed item 1200 in the queue waiting to be dispatched to the decoder
2026-08-17 14:10:04 - server.services.engine_class - INFO - consuming token of length 23548 of id 1200
2026-08-17 14:10:04 - server.services.ttsServices - INFO - Time for sentence Hello, and welcome. Thank you for taking the time to meet with me today. To get us started, could you please tell me which role you are interviewing for and provide a brief overview of your background? : 23.23113385599936
