2026-08-10 13:15:00 - server.services.engine_class - INFO - placed item 0 in the queue waiting to be dispatched to the decoder
2026-08-10 13:15:00 - server.services.engine_class - INFO - consuming token of length 18 of id 0
2026-08-10 13:15:02 - server.services.engine_class - INFO - placed item 100 in the queue waiting to be dispatched to the decoder
2026-08-10 13:15:02 - server.services.decoder - INFO - putting chunk generated from the decoder with index 0 in decoder queue
2026-08-10 13:15:02 - server.services.decoder - INFO - getting audio chunk 0 from decoder queue consumer to stream to the backend
2026-08-10 13:15:02 - server.services.ttsServices - INFO - Token 0 : 4096 bytes in 2.3414476519999425 seconds
2026-08-10 13:15:02 - server.services.ttsServices - INFO - TTFT for Hey there, looks like you forgot to provide a prompt! Please provide one that will help us generate speech is 2.3414942330000486
2026-08-10 13:15:03 - server.services.engine_class - INFO - consuming token of length 1976 of id 100
2026-08-10 13:15:03 - server.services.ttsServices - INFO - Token 10 : 4096 bytes in 2.531844805999981 seconds
2026-08-10 13:15:03 - server.services.ttsServices - INFO - Token 20 : 4096 bytes in 3.3833670240001084 seconds
2026-08-10 13:15:04 - server.services.engine_class - INFO - placed item 200 in the queue waiting to be dispatched to the decoder
2026-08-10 13:15:04 - server.services.engine_class - INFO - consuming token of length 3941 of id 200
2026-08-10 13:15:05 - server.services.ttsServices - INFO - Token 30 : 4096 bytes in 4.691830374000119 seconds
2026-08-10 13:15:06 - server.services.engine_class - INFO - placed item 300 in the queue waiting to be dispatched to the decoder
2026-08-10 13:15:06 - server.services.engine_class - INFO - consuming token of length 5902 of id 300
2026-08-10 13:15:06 - server.services.ttsServices - INFO - Token 40 : 4096 bytes in 6.010071210999968 seconds
2026-08-10 13:15:07 - server.services.ttsServices - INFO - Token 50 : 4096 bytes in 7.322232352000128 seconds
2026-08-10 13:15:08 - server.services.engine_class - INFO - placed item 400 in the queue waiting to be dispatched to the decoder
2026-08-10 13:15:08 - server.services.engine_class - INFO - consuming token of length 7863 of id 400
2026-08-10 13:15:09 - server.services.ttsServices - INFO - Token 60 : 4096 bytes in 8.63855799099997 seconds
2026-08-10 13:15:10 - server.services.engine_class - INFO - placed item 500 in the queue waiting to be dispatched to the decoder
2026-08-10 13:15:10 - server.services.engine_class - INFO - consuming token of length 9825 of id 500
2026-08-10 13:15:10 - server.services.ttsServices - INFO - Token 70 : 4096 bytes in 9.957426725000005 seconds
2026-08-10 13:15:11 - server.services.ttsServices - ERROR - Generation failed
Traceback (most recent call last):
  File "/home/ubuntu/repo/UbuntuServer/src/server/services/ttsServices.py", line 98, in generate_audio_stream
    save_audio(buffer)
  File "/home/ubuntu/repo/UbuntuServer/src/server/services/fileServices.py", line 33, in save_audio
    with wave.open(path, "wb") as wf:
         ^^^^^^^^^^^^^^^^^^^^^
  File "/usr/lib/python3.11/wave.py", line 633, in open
    return Wave_write(f)
           ^^^^^^^^^^^^^
  File "/usr/lib/python3.11/wave.py", line 425, in __init__
    f = builtins.open(f, 'wb')
        ^^^^^^^^^^^^^^^^^^^^^^
FileNotFoundError: [Errno 2] No such file or directory: '/home/ubuntu/repo/UbuntuServer/src/server/services/../../../data/raw/output-1.wav'
