2026-08-10 13:18:56 - server.services.engine_class - INFO - placed item 0 in the queue waiting to be dispatched to the decoder
2026-08-10 13:18:56 - server.services.engine_class - INFO - consuming token of length 18 of id 0
2026-08-10 13:18:57 - server.services.decoder - INFO - putting chunk generated from the decoder with index 0 in decoder queue
2026-08-10 13:18:57 - server.services.decoder - INFO - getting audio chunk 0 from decoder queue consumer to stream to the backend
2026-08-10 13:18:57 - server.services.ttsServices - INFO - Token 0 : 4096 bytes in 1.3268818910000846 seconds
2026-08-10 13:18:57 - server.services.ttsServices - INFO - TTFT for Hey there, looks like you forgot to provide a prompt! Please provide one that will help us generate speech is 1.3269291420001537
2026-08-10 13:18:58 - server.services.ttsServices - INFO - Token 10 : 4096 bytes in 1.939423171999806 seconds
2026-08-10 13:18:58 - server.services.engine_class - INFO - placed item 100 in the queue waiting to be dispatched to the decoder
2026-08-10 13:18:58 - server.services.engine_class - INFO - consuming token of length 1979 of id 100
2026-08-10 13:18:59 - server.services.ttsServices - INFO - Token 20 : 4096 bytes in 3.251736737000101 seconds
2026-08-10 13:19:00 - server.services.engine_class - INFO - placed item 200 in the queue waiting to be dispatched to the decoder
2026-08-10 13:19:00 - server.services.engine_class - INFO - consuming token of length 3945 of id 200
2026-08-10 13:19:00 - server.services.ttsServices - INFO - Token 30 : 4096 bytes in 4.565994800999761 seconds
2026-08-10 13:19:02 - server.services.engine_class - INFO - placed item 300 in the queue waiting to be dispatched to the decoder
2026-08-10 13:19:02 - server.services.engine_class - INFO - consuming token of length 5910 of id 300
2026-08-10 13:19:02 - server.services.ttsServices - INFO - Token 40 : 4096 bytes in 5.8863715459997366 seconds
2026-08-10 13:19:03 - server.services.ttsServices - INFO - Token 50 : 4096 bytes in 7.197947539999859 seconds
2026-08-10 13:19:03 - server.services.engine_class - INFO - placed item 400 in the queue waiting to be dispatched to the decoder
2026-08-10 13:19:03 - server.services.engine_class - INFO - consuming token of length 7867 of id 400
2026-08-10 13:19:04 - server.services.ttsServices - INFO - Token 60 : 4096 bytes in 8.519816226999865 seconds
2026-08-10 13:19:05 - server.services.engine_class - INFO - placed item 500 in the queue waiting to be dispatched to the decoder
2026-08-10 13:19:05 - server.services.engine_class - INFO - consuming token of length 9826 of id 500
2026-08-10 13:19:06 - server.services.ttsServices - INFO - Token 70 : 4096 bytes in 9.844403945000067 seconds
2026-08-10 13:19:07 - server.services.ttsServices - INFO - Time for sentence Hey there, looks like you forgot to provide a prompt! Please provide one that will help us generate speech : 11.142501898999853
