2026-08-15 15:21:50 - server.services.engine_class - INFO - placed item 0 in the queue waiting to be dispatched to the decoder
2026-08-15 15:21:50 - server.services.engine_class - INFO - consuming token of length 18 of id 0
2026-08-15 15:21:51 - server.services.engine_class - INFO - placed item 100 in the queue waiting to be dispatched to the decoder
2026-08-15 15:21:52 - server.services.decoder - INFO - putting chunk generated from the decoder with index 0 in decoder queue
2026-08-15 15:21:52 - server.services.decoder - INFO - getting audio chunk 0 from decoder queue consumer to stream to the backend
2026-08-15 15:21:52 - server.services.ttsServices - INFO - Token 0 : 4096 bytes in 2.3054626410000196 seconds
2026-08-15 15:21:52 - server.services.ttsServices - INFO - TTFT for Hey there, looks like you forgot to provide a prompt! Please provide one that will help us generate speech is 2.3055135519999794
2026-08-15 15:21:52 - server.services.engine_class - INFO - consuming token of length 1979 of id 100
2026-08-15 15:21:52 - server.services.ttsServices - INFO - Token 10 : 4096 bytes in 2.493749321999985 seconds
2026-08-15 15:21:53 - server.services.ttsServices - INFO - Token 20 : 4096 bytes in 3.3988857620000203 seconds
2026-08-15 15:21:53 - server.services.engine_class - INFO - placed item 200 in the queue waiting to be dispatched to the decoder
2026-08-15 15:21:53 - server.services.engine_class - INFO - consuming token of length 3938 of id 200
2026-08-15 15:21:54 - server.services.ttsServices - INFO - Token 30 : 4096 bytes in 4.7379904190000275 seconds
2026-08-15 15:21:55 - server.services.engine_class - INFO - placed item 300 in the queue waiting to be dispatched to the decoder
2026-08-15 15:21:55 - server.services.engine_class - INFO - consuming token of length 5900 of id 300
2026-08-15 15:21:55 - server.services.ttsServices - INFO - Token 40 : 4096 bytes in 6.057945657999994 seconds
2026-08-15 15:21:57 - server.services.ttsServices - INFO - Token 50 : 4096 bytes in 7.381035544999975 seconds
2026-08-15 15:21:57 - server.services.engine_class - INFO - placed item 400 in the queue waiting to be dispatched to the decoder
2026-08-15 15:21:57 - server.services.engine_class - INFO - consuming token of length 7856 of id 400
2026-08-15 15:21:58 - server.services.ttsServices - INFO - Token 60 : 4096 bytes in 8.744297764999999 seconds
2026-08-15 15:21:59 - server.services.engine_class - INFO - placed item 500 in the queue waiting to be dispatched to the decoder
2026-08-15 15:21:59 - server.services.engine_class - INFO - consuming token of length 9817 of id 500
2026-08-15 15:22:00 - server.services.ttsServices - INFO - Token 70 : 4096 bytes in 10.088141743999984 seconds
2026-08-15 15:22:00 - server.services.ttsServices - INFO - Time for sentence Hey there, looks like you forgot to provide a prompt! Please provide one that will help us generate speech : 11.056874177999987
2026-08-15 16:12:58 - server.services.engine_class - INFO - placed item 0 in the queue waiting to be dispatched to the decoder
2026-08-15 16:12:58 - server.services.engine_class - INFO - consuming token of length 18 of id 0
2026-08-15 16:12:59 - server.services.decoder - INFO - putting chunk generated from the decoder with index 0 in decoder queue
2026-08-15 16:12:59 - server.services.decoder - INFO - getting audio chunk 0 from decoder queue consumer to stream to the backend
2026-08-15 16:12:59 - server.services.ttsServices - INFO - Token 0 : 4096 bytes in 0.5465393509998648 seconds
2026-08-15 16:12:59 - server.services.ttsServices - INFO - TTFT for Hello, and welcome. Thank you for taking the time to speak with me today. To get us started, could you please tell me which role you are interviewing for and share a brief summary of your background and relevant experience is 0.5465837619999547
2026-08-15 16:13:00 - server.services.ttsServices - INFO - Token 10 : 4096 bytes in 1.863268208000136 seconds
2026-08-15 16:13:00 - server.services.engine_class - INFO - placed item 100 in the queue waiting to be dispatched to the decoder
2026-08-15 16:13:00 - server.services.engine_class - INFO - consuming token of length 1978 of id 100
2026-08-15 16:13:01 - server.services.ttsServices - INFO - Token 20 : 4096 bytes in 3.2191219649998857 seconds
2026-08-15 16:13:02 - server.services.engine_class - INFO - placed item 200 in the queue waiting to be dispatched to the decoder
2026-08-15 16:13:02 - server.services.engine_class - INFO - consuming token of length 3934 of id 200
2026-08-15 16:13:03 - server.services.ttsServices - INFO - Token 30 : 4096 bytes in 4.544111415000316 seconds
2026-08-15 16:13:04 - server.services.engine_class - INFO - placed item 300 in the queue waiting to be dispatched to the decoder
2026-08-15 16:13:04 - server.services.engine_class - INFO - consuming token of length 5897 of id 300
2026-08-15 16:13:04 - server.services.ttsServices - INFO - Token 40 : 4096 bytes in 5.86962861200027 seconds
2026-08-15 16:13:05 - server.services.ttsServices - INFO - Token 50 : 4096 bytes in 7.185964502999923 seconds
2026-08-15 16:13:06 - server.services.engine_class - INFO - placed item 400 in the queue waiting to be dispatched to the decoder
2026-08-15 16:13:06 - server.services.engine_class - INFO - consuming token of length 7856 of id 400
2026-08-15 16:13:07 - server.services.ttsServices - INFO - Token 60 : 4096 bytes in 8.510751218000223 seconds
2026-08-15 16:13:08 - server.services.engine_class - INFO - placed item 500 in the queue waiting to be dispatched to the decoder
2026-08-15 16:13:08 - server.services.engine_class - INFO - consuming token of length 9815 of id 500
2026-08-15 16:13:08 - server.services.ttsServices - INFO - Token 70 : 4096 bytes in 9.843090590999964 seconds
2026-08-15 16:13:09 - server.services.ttsServices - INFO - Token 80 : 4096 bytes in 11.174659672999951 seconds
2026-08-15 16:13:09 - server.services.engine_class - INFO - placed item 600 in the queue waiting to be dispatched to the decoder
2026-08-15 16:13:09 - server.services.engine_class - INFO - consuming token of length 11774 of id 600
2026-08-15 16:13:11 - server.services.ttsServices - INFO - Token 90 : 4096 bytes in 12.506547218999913 seconds
2026-08-15 16:13:11 - server.services.engine_class - INFO - placed item 700 in the queue waiting to be dispatched to the decoder
2026-08-15 16:13:11 - server.services.engine_class - INFO - consuming token of length 13733 of id 700
2026-08-15 16:13:12 - server.services.decoder - INFO - putting chunk generated from the decoder with index 100 in decoder queue
2026-08-15 16:13:12 - server.services.decoder - INFO - getting audio chunk 100 from decoder queue consumer to stream to the backend
2026-08-15 16:13:12 - server.services.ttsServices - INFO - Token 100 : 4096 bytes in 13.830660821000038 seconds
2026-08-15 16:13:13 - server.services.ttsServices - INFO - Token 110 : 4096 bytes in 15.166470064999885 seconds
2026-08-15 16:13:13 - server.services.engine_class - INFO - placed item 800 in the queue waiting to be dispatched to the decoder
2026-08-15 16:13:13 - server.services.engine_class - INFO - consuming token of length 15695 of id 800
2026-08-15 16:13:15 - server.services.ttsServices - INFO - Token 120 : 4096 bytes in 16.501407357000062 seconds
2026-08-15 16:13:15 - server.services.engine_class - INFO - placed item 900 in the queue waiting to be dispatched to the decoder
2026-08-15 16:13:15 - server.services.engine_class - INFO - consuming token of length 17657 of id 900
2026-08-15 16:13:16 - server.services.ttsServices - INFO - Token 130 : 4096 bytes in 17.833780190000198 seconds
2026-08-15 16:13:17 - server.services.engine_class - INFO - placed item 1000 in the queue waiting to be dispatched to the decoder
2026-08-15 16:13:17 - server.services.engine_class - INFO - consuming token of length 19618 of id 1000
2026-08-15 16:13:17 - server.services.ttsServices - INFO - Token 140 : 4096 bytes in 19.169096427000113 seconds
2026-08-15 16:13:19 - server.services.ttsServices - INFO - Token 150 : 4096 bytes in 20.505169126000055 seconds
2026-08-15 16:13:19 - server.services.engine_class - INFO - placed item 1100 in the queue waiting to be dispatched to the decoder
2026-08-15 16:13:19 - server.services.engine_class - INFO - consuming token of length 21581 of id 1100
2026-08-15 16:13:20 - server.services.ttsServices - INFO - Time for sentence Hello, and welcome. Thank you for taking the time to speak with me today. To get us started, could you please tell me which role you are interviewing for and share a brief summary of your background and relevant experience : 21.60009378099994
2026-08-15 16:13:20 - server.services.engine_class - INFO - placed item 0 in the queue waiting to be dispatched to the decoder
2026-08-15 16:13:20 - server.services.engine_class - INFO - consuming token of length 18 of id 0
2026-08-15 16:13:21 - server.services.decoder - INFO - putting chunk generated from the decoder with index 0 in decoder queue
2026-08-15 16:13:21 - server.services.decoder - INFO - getting audio chunk 0 from decoder queue consumer to stream to the backend
2026-08-15 16:13:21 - server.services.ttsServices - INFO - Token 0 : 4096 bytes in 0.54003682199982 seconds
2026-08-15 16:13:21 - server.services.ttsServices - INFO - TTFT for ? is 0.5400769629995921
2026-08-15 16:13:22 - server.services.ttsServices - INFO - Token 10 : 4096 bytes in 1.8268453099999533 seconds
2026-08-15 16:13:22 - server.services.engine_class - INFO - placed item 100 in the queue waiting to be dispatched to the decoder
2026-08-15 16:13:22 - server.services.engine_class - INFO - consuming token of length 1978 of id 100
2026-08-15 16:13:24 - server.services.ttsServices - INFO - Time for sentence ? : 3.331946897999842
