2026-08-10 12:47:50 - server.services.ttsServices - ERROR - Generation failed
Traceback (most recent call last):
  File "/home/ubuntu/repo/UbuntuServer/src/server/services/ttsServices.py", line 89, in generate_audio_stream
    with wave.open(DATA_PATH, "wb") as wf:
         ^^^^^^^^^^^^^^^^^^^^^^^^^^
  File "/usr/lib/python3.11/wave.py", line 633, in open
    return Wave_write(f)
           ^^^^^^^^^^^^^
  File "/usr/lib/python3.11/wave.py", line 425, in __init__
    f = builtins.open(f, 'wb')
        ^^^^^^^^^^^^^^^^^^^^^^
FileNotFoundError: [Errno 2] No such file or directory: '/home/ubuntu/repo/UbuntuServer/src/server/services/../../../data/raw/output-%s.wav'
2026-08-10 12:59:50 - server.services.ttsServices - ERROR - Generation failed
Traceback (most recent call last):
  File "/home/ubuntu/repo/UbuntuServer/src/server/services/ttsServices.py", line 89, in generate_audio_stream
    with wave.open(DATA_PATH, "wb") as wf:
         ^^^^^^^^^^^^^^^^^^^^^^^^^^
  File "/usr/lib/python3.11/wave.py", line 633, in open
    return Wave_write(f)
           ^^^^^^^^^^^^^
  File "/usr/lib/python3.11/wave.py", line 425, in __init__
    f = builtins.open(f, 'wb')
        ^^^^^^^^^^^^^^^^^^^^^^
FileNotFoundError: [Errno 2] No such file or directory: '/home/ubuntu/repo/UbuntuServer/src/server/services/../../../data/raw/output-%s.wav'
2026-08-10 13:27:45 - server.services.engine_class - INFO - placed item 0 in the queue waiting to be dispatched to the decoder
2026-08-10 13:27:45 - server.services.engine_class - INFO - consuming token of length 18 of id 0
2026-08-10 13:27:46 - server.services.decoder - INFO - putting chunk generated from the decoder with index 0 in decoder queue
2026-08-10 13:27:46 - server.services.decoder - INFO - getting audio chunk 0 from decoder queue consumer to stream to the backend
2026-08-10 13:27:46 - server.services.ttsServices - INFO - Token 0 : 4096 bytes in 1.3221140130003732 seconds
2026-08-10 13:27:46 - server.services.ttsServices - INFO - TTFT for Hey there, looks like you forgot to provide a prompt! Please provide one that will help us generate speech is 1.3221720540000206
2026-08-10 13:27:46 - server.services.ttsServices - INFO - Token 10 : 4096 bytes in 1.9326357830000234 seconds
2026-08-10 13:27:46 - server.services.engine_class - INFO - placed item 100 in the queue waiting to be dispatched to the decoder
2026-08-10 13:27:46 - server.services.engine_class - INFO - consuming token of length 1978 of id 100
2026-08-10 13:27:48 - server.services.ttsServices - INFO - Token 20 : 4096 bytes in 3.2516794610000943 seconds
2026-08-10 13:27:48 - server.services.engine_class - INFO - placed item 200 in the queue waiting to be dispatched to the decoder
2026-08-10 13:27:48 - server.services.engine_class - INFO - consuming token of length 3945 of id 200
2026-08-10 13:27:49 - server.services.ttsServices - INFO - Token 30 : 4096 bytes in 4.569281928000237 seconds
2026-08-10 13:27:50 - server.services.engine_class - INFO - placed item 300 in the queue waiting to be dispatched to the decoder
2026-08-10 13:27:50 - server.services.engine_class - INFO - consuming token of length 5906 of id 300
2026-08-10 13:27:50 - server.services.ttsServices - INFO - Token 40 : 4096 bytes in 5.89210851200005 seconds
2026-08-10 13:27:52 - server.services.ttsServices - INFO - Token 50 : 4096 bytes in 7.213007218000257 seconds
2026-08-10 13:27:52 - server.services.engine_class - INFO - placed item 400 in the queue waiting to be dispatched to the decoder
2026-08-10 13:27:52 - server.services.engine_class - INFO - consuming token of length 7866 of id 400
2026-08-10 13:27:53 - server.services.ttsServices - INFO - Token 60 : 4096 bytes in 8.545497175000037 seconds
2026-08-10 13:27:54 - server.services.engine_class - INFO - placed item 500 in the queue waiting to be dispatched to the decoder
2026-08-10 13:27:54 - server.services.engine_class - INFO - consuming token of length 9829 of id 500
2026-08-10 13:27:54 - server.services.ttsServices - INFO - Token 70 : 4096 bytes in 9.87274993400024 seconds
2026-08-10 13:27:56 - server.services.engine_class - INFO - placed item 600 in the queue waiting to be dispatched to the decoder
2026-08-10 13:27:56 - server.services.engine_class - INFO - consuming token of length 11471 of id 600
2026-08-10 13:27:56 - server.services.ttsServices - INFO - Time for sentence Hey there, looks like you forgot to provide a prompt! Please provide one that will help us generate speech : 11.781741848000365
