2026-08-28 13:46:36 - __main__ - INFO - Device used is cuda
2026-08-28 13:46:36 - root - INFO - download models from model hub: hf
2026-08-28 13:46:37 - root - WARNING - trust_remote_code: False
2026-08-28 13:46:38 - root - INFO - Loading pretrained params from C:\Users\Administrator\.cache\huggingface\hub\models--emotion2vec--emotion2vec_plus_seed\snapshots\7be9a30d52bdc793cc24e6f7d25358d6648927c1\model.pt
2026-08-28 13:46:38 - root - INFO - ckpt: C:\Users\Administrator\.cache\huggingface\hub\models--emotion2vec--emotion2vec_plus_seed\snapshots\7be9a30d52bdc793cc24e6f7d25358d6648927c1\model.pt
2026-08-28 13:46:38 - root - INFO - scope_map: ['d2v_model.', 'none', 'module.', 'None']
2026-08-28 13:46:38 - root - INFO - excludes: None
2026-08-28 13:46:38 - root - INFO - init param, map: modality_encoders.AUDIO.extra_tokens from d2v_model.modality_encoders.AUDIO.extra_tokens in ckpt
2026-08-28 13:46:38 - root - INFO - init param, map: modality_encoders.AUDIO.alibi_scale from d2v_model.modality_encoders.AUDIO.alibi_scale in ckpt
2026-08-28 13:46:38 - root - INFO - init param, map: modality_encoders.AUDIO.local_encoder.conv_layers.0.0.weight from d2v_model.modality_encoders.AUDIO.local_encoder.conv_layers.0.0.weight in ckpt
2026-08-28 13:46:38 - root - INFO - init param, map: modality_encoders.AUDIO.local_encoder.conv_layers.0.2.1.weight from d2v_model.modality_encoders.AUDIO.local_encoder.conv_layers.0.2.1.weight in ckpt
2026-08-28 13:46:38 - root - INFO - init param, map: modality_encoders.AUDIO.local_encoder.conv_layers.0.2.1.bias from d2v_model.modality_encoders.AUDIO.local_encoder.conv_layers.0.2.1.bias in ckpt
2026-08-28 13:46:38 - root - INFO - init param, map: modality_encoders.AUDIO.local_encoder.conv_layers.1.0.weight from d2v_model.modality_encoders.AUDIO.local_encoder.conv_layers.1.0.weight in ckpt
2026-08-28 13:46:38 - root - INFO - init param, map: modality_encoders.AUDIO.local_encoder.conv_layers.1.2.1.weight from d2v_model.modality_encoders.AUDIO.local_encoder.conv_layers.1.2.1.weight in ckpt
2026-08-28 13:46:38 - root - INFO - init param, map: modality_encoders.AUDIO.local_encoder.conv_layers.1.2.1.bias from d2v_model.modality_encoders.AUDIO.local_encoder.conv_layers.1.2.1.bias in ckpt
2026-08-28 13:46:38 - root - INFO - init param, map: modality_encoders.AUDIO.local_encoder.conv_layers.2.0.weight from d2v_model.modality_encoders.AUDIO.local_encoder.conv_layers.2.0.weight in ckpt
2026-08-28 13:46:38 - root - INFO - init param, map: modality_encoders.AUDIO.local_encoder.conv_layers.2.2.1.weight from d2v_model.modality_encoders.AUDIO.local_encoder.conv_layers.2.2.1.weight in ckpt
2026-08-28 13:46:38 - root - INFO - init param, map: modality_encoders.AUDIO.local_encoder.conv_layers.2.2.1.bias from d2v_model.modality_encoders.AUDIO.local_encoder.conv_layers.2.2.1.bias in ckpt
2026-08-28 13:46:38 - root - INFO - init param, map: modality_encoders.AUDIO.local_encoder.conv_layers.3.0.weight from d2v_model.modality_encoders.AUDIO.local_encoder.conv_layers.3.0.weight in ckpt
2026-08-28 13:46:38 - root - INFO - init param, map: modality_encoders.AUDIO.local_encoder.conv_layers.3.2.1.weight from d2v_model.modality_encoders.AUDIO.local_encoder.conv_layers.3.2.1.weight in ckpt
2026-08-28 13:46:38 - root - INFO - init param, map: modality_encoders.AUDIO.local_encoder.conv_layers.3.2.1.bias from d2v_model.modality_encoders.AUDIO.local_encoder.conv_layers.3.2.1.bias in ckpt
2026-08-28 13:46:38 - root - INFO - init param, map: modality_encoders.AUDIO.local_encoder.conv_layers.4.0.weight from d2v_model.modality_encoders.AUDIO.local_encoder.conv_layers.4.0.weight in ckpt
2026-08-28 13:46:38 - root - INFO - init param, map: modality_encoders.AUDIO.local_encoder.conv_layers.4.2.1.weight from d2v_model.modality_encoders.AUDIO.local_encoder.conv_layers.4.2.1.weight in ckpt
2026-08-28 13:46:38 - root - INFO - init param, map: modality_encoders.AUDIO.local_encoder.conv_layers.4.2.1.bias from d2v_model.modality_encoders.AUDIO.local_encoder.conv_layers.4.2.1.bias in ckpt
2026-08-28 13:46:38 - root - INFO - init param, map: modality_encoders.AUDIO.local_encoder.conv_layers.5.0.weight from d2v_model.modality_encoders.AUDIO.local_encoder.conv_layers.5.0.weight in ckpt
2026-08-28 13:46:38 - root - INFO - init param, map: modality_encoders.AUDIO.local_encoder.conv_layers.5.2.1.weight from d2v_model.modality_encoders.AUDIO.local_encoder.conv_layers.5.2.1.weight in ckpt
2026-08-28 13:46:38 - root - INFO - init param, map: modality_encoders.AUDIO.local_encoder.conv_layers.5.2.1.bias from d2v_model.modality_encoders.AUDIO.local_encoder.conv_layers.5.2.1.bias in ckpt
2026-08-28 13:46:38 - root - INFO - init param, map: modality_encoders.AUDIO.local_encoder.conv_layers.6.0.weight from d2v_model.modality_encoders.AUDIO.local_encoder.conv_layers.6.0.weight in ckpt
2026-08-28 13:46:38 - root - INFO - init param, map: modality_encoders.AUDIO.local_encoder.conv_layers.6.2.1.weight from d2v_model.modality_encoders.AUDIO.local_encoder.conv_layers.6.2.1.weight in ckpt
2026-08-28 13:46:38 - root - INFO - init param, map: modality_encoders.AUDIO.local_encoder.conv_layers.6.2.1.bias from d2v_model.modality_encoders.AUDIO.local_encoder.conv_layers.6.2.1.bias in ckpt
2026-08-28 13:46:38 - root - INFO - init param, map: modality_encoders.AUDIO.project_features.1.weight from d2v_model.modality_encoders.AUDIO.project_features.1.weight in ckpt
2026-08-28 13:46:38 - root - INFO - init param, map: modality_encoders.AUDIO.project_features.1.bias from d2v_model.modality_encoders.AUDIO.project_features.1.bias in ckpt
2026-08-28 13:46:38 - root - INFO - init param, map: modality_encoders.AUDIO.project_features.2.weight from d2v_model.modality_encoders.AUDIO.project_features.2.weight in ckpt
2026-08-28 13:46:38 - root - INFO - init param, map: modality_encoders.AUDIO.project_features.2.bias from d2v_model.modality_encoders.AUDIO.project_features.2.bias in ckpt
2026-08-28 13:46:38 - root - INFO - init param, map: modality_encoders.AUDIO.relative_positional_encoder.1.0.weight from d2v_model.modality_encoders.AUDIO.relative_positional_encoder.1.0.weight in ckpt
2026-08-28 13:46:38 - root - INFO - init param, map: modality_encoders.AUDIO.relative_positional_encoder.1.0.bias from d2v_model.modality_encoders.AUDIO.relative_positional_encoder.1.0.bias in ckpt
2026-08-28 13:46:38 - root - INFO - init param, map: modality_encoders.AUDIO.relative_positional_encoder.2.0.weight from d2v_model.modality_encoders.AUDIO.relative_positional_encoder.2.0.weight in ckpt
2026-08-28 13:46:38 - root - INFO - init param, map: modality_encoders.AUDIO.relative_positional_encoder.2.0.bias from d2v_model.modality_encoders.AUDIO.relative_positional_encoder.2.0.bias in ckpt
2026-08-28 13:46:38 - root - INFO - init param, map: modality_encoders.AUDIO.relative_positional_encoder.3.0.weight from d2v_model.modality_encoders.AUDIO.relative_positional_encoder.3.0.weight in ckpt
2026-08-28 13:46:38 - root - INFO - init param, map: modality_encoders.AUDIO.relative_positional_encoder.3.0.bias from d2v_model.modality_encoders.AUDIO.relative_positional_encoder.3.0.bias in ckpt
2026-08-28 13:46:38 - root - INFO - init param, map: modality_encoders.AUDIO.relative_positional_encoder.4.0.weight from d2v_model.modality_encoders.AUDIO.relative_positional_encoder.4.0.weight in ckpt
2026-08-28 13:46:38 - root - INFO - init param, map: modality_encoders.AUDIO.relative_positional_encoder.4.0.bias from d2v_model.modality_encoders.AUDIO.relative_positional_encoder.4.0.bias in ckpt
2026-08-28 13:46:38 - root - INFO - init param, map: modality_encoders.AUDIO.relative_positional_encoder.5.0.weight from d2v_model.modality_encoders.AUDIO.relative_positional_encoder.5.0.weight in ckpt
2026-08-28 13:46:38 - root - INFO - init param, map: modality_encoders.AUDIO.relative_positional_encoder.5.0.bias from d2v_model.modality_encoders.AUDIO.relative_positional_encoder.5.0.bias in ckpt
2026-08-28 13:46:38 - root - INFO - init param, map: modality_encoders.AUDIO.context_encoder.blocks.0.norm1.weight from d2v_model.modality_encoders.AUDIO.context_encoder.blocks.0.norm1.weight in ckpt
2026-08-28 13:46:38 - root - INFO - init param, map: modality_encoders.AUDIO.context_encoder.blocks.0.norm1.bias from d2v_model.modality_encoders.AUDIO.context_encoder.blocks.0.norm1.bias in ckpt
2026-08-28 13:46:38 - root - INFO - init param, map: modality_encoders.AUDIO.context_encoder.blocks.0.attn.qkv.weight from d2v_model.modality_encoders.AUDIO.context_encoder.blocks.0.attn.qkv.weight in ckpt
2026-08-28 13:46:38 - root - INFO - init param, map: modality_encoders.AUDIO.context_encoder.blocks.0.attn.qkv.bias from d2v_model.modality_encoders.AUDIO.context_encoder.blocks.0.attn.qkv.bias in ckpt
2026-08-28 13:46:38 - root - INFO - init param, map: modality_encoders.AUDIO.context_encoder.blocks.0.attn.proj.weight from d2v_model.modality_encoders.AUDIO.context_encoder.blocks.0.attn.proj.weight in ckpt
2026-08-28 13:46:38 - root - INFO - init param, map: modality_encoders.AUDIO.context_encoder.blocks.0.attn.proj.bias from d2v_model.modality_encoders.AUDIO.context_encoder.blocks.0.attn.proj.bias in ckpt
2026-08-28 13:46:38 - root - INFO - init param, map: modality_encoders.AUDIO.context_encoder.blocks.0.norm2.weight from d2v_model.modality_encoders.AUDIO.context_encoder.blocks.0.norm2.weight in ckpt
2026-08-28 13:46:38 - root - INFO - init param, map: modality_encoders.AUDIO.context_encoder.blocks.0.norm2.bias from d2v_model.modality_encoders.AUDIO.context_encoder.blocks.0.norm2.bias in ckpt
2026-08-28 13:46:38 - root - INFO - init param, map: modality_encoders.AUDIO.context_encoder.blocks.0.mlp.fc1.weight from d2v_model.modality_encoders.AUDIO.context_encoder.blocks.0.mlp.fc1.weight in ckpt
2026-08-28 13:46:38 - root - INFO - init param, map: modality_encoders.AUDIO.context_encoder.blocks.0.mlp.fc1.bias from d2v_model.modality_encoders.AUDIO.context_encoder.blocks.0.mlp.fc1.bias in ckpt
2026-08-28 13:46:38 - root - INFO - init param, map: modality_encoders.AUDIO.context_encoder.blocks.0.mlp.fc2.weight from d2v_model.modality_encoders.AUDIO.context_encoder.blocks.0.mlp.fc2.weight in ckpt
2026-08-28 13:46:38 - root - INFO - init param, map: modality_encoders.AUDIO.context_encoder.blocks.0.mlp.fc2.bias from d2v_model.modality_encoders.AUDIO.context_encoder.blocks.0.mlp.fc2.bias in ckpt
2026-08-28 13:46:38 - root - INFO - init param, map: modality_encoders.AUDIO.context_encoder.blocks.1.norm1.weight from d2v_model.modality_encoders.AUDIO.context_encoder.blocks.1.norm1.weight in ckpt
2026-08-28 13:46:38 - root - INFO - init param, map: modality_encoders.AUDIO.context_encoder.blocks.1.norm1.bias from d2v_model.modality_encoders.AUDIO.context_encoder.blocks.1.norm1.bias in ckpt
2026-08-28 13:46:38 - root - INFO - init param, map: modality_encoders.AUDIO.context_encoder.blocks.1.attn.qkv.weight from d2v_model.modality_encoders.AUDIO.context_encoder.blocks.1.attn.qkv.weight in ckpt
2026-08-28 13:46:38 - root - INFO - init param, map: modality_encoders.AUDIO.context_encoder.blocks.1.attn.qkv.bias from d2v_model.modality_encoders.AUDIO.context_encoder.blocks.1.attn.qkv.bias in ckpt
2026-08-28 13:46:38 - root - INFO - init param, map: modality_encoders.AUDIO.context_encoder.blocks.1.attn.proj.weight from d2v_model.modality_encoders.AUDIO.context_encoder.blocks.1.attn.proj.weight in ckpt
2026-08-28 13:46:38 - root - INFO - init param, map: modality_encoders.AUDIO.context_encoder.blocks.1.attn.proj.bias from d2v_model.modality_encoders.AUDIO.context_encoder.blocks.1.attn.proj.bias in ckpt
2026-08-28 13:46:38 - root - INFO - init param, map: modality_encoders.AUDIO.context_encoder.blocks.1.norm2.weight from d2v_model.modality_encoders.AUDIO.context_encoder.blocks.1.norm2.weight in ckpt
2026-08-28 13:46:38 - root - INFO - init param, map: modality_encoders.AUDIO.context_encoder.blocks.1.norm2.bias from d2v_model.modality_encoders.AUDIO.context_encoder.blocks.1.norm2.bias in ckpt
2026-08-28 13:46:38 - root - INFO - init param, map: modality_encoders.AUDIO.context_encoder.blocks.1.mlp.fc1.weight from d2v_model.modality_encoders.AUDIO.context_encoder.blocks.1.mlp.fc1.weight in ckpt
2026-08-28 13:46:38 - root - INFO - init param, map: modality_encoders.AUDIO.context_encoder.blocks.1.mlp.fc1.bias from d2v_model.modality_encoders.AUDIO.context_encoder.blocks.1.mlp.fc1.bias in ckpt
2026-08-28 13:46:38 - root - INFO - init param, map: modality_encoders.AUDIO.context_encoder.blocks.1.mlp.fc2.weight from d2v_model.modality_encoders.AUDIO.context_encoder.blocks.1.mlp.fc2.weight in ckpt
2026-08-28 13:46:38 - root - INFO - init param, map: modality_encoders.AUDIO.context_encoder.blocks.1.mlp.fc2.bias from d2v_model.modality_encoders.AUDIO.context_encoder.blocks.1.mlp.fc2.bias in ckpt
2026-08-28 13:46:38 - root - INFO - init param, map: modality_encoders.AUDIO.context_encoder.blocks.2.norm1.weight from d2v_model.modality_encoders.AUDIO.context_encoder.blocks.2.norm1.weight in ckpt
2026-08-28 13:46:38 - root - INFO - init param, map: modality_encoders.AUDIO.context_encoder.blocks.2.norm1.bias from d2v_model.modality_encoders.AUDIO.context_encoder.blocks.2.norm1.bias in ckpt
2026-08-28 13:46:38 - root - INFO - init param, map: modality_encoders.AUDIO.context_encoder.blocks.2.attn.qkv.weight from d2v_model.modality_encoders.AUDIO.context_encoder.blocks.2.attn.qkv.weight in ckpt
2026-08-28 13:46:38 - root - INFO - init param, map: modality_encoders.AUDIO.context_encoder.blocks.2.attn.qkv.bias from d2v_model.modality_encoders.AUDIO.context_encoder.blocks.2.attn.qkv.bias in ckpt
2026-08-28 13:46:38 - root - INFO - init param, map: modality_encoders.AUDIO.context_encoder.blocks.2.attn.proj.weight from d2v_model.modality_encoders.AUDIO.context_encoder.blocks.2.attn.proj.weight in ckpt
2026-08-28 13:46:38 - root - INFO - init param, map: modality_encoders.AUDIO.context_encoder.blocks.2.attn.proj.bias from d2v_model.modality_encoders.AUDIO.context_encoder.blocks.2.attn.proj.bias in ckpt
2026-08-28 13:46:38 - root - INFO - init param, map: modality_encoders.AUDIO.context_encoder.blocks.2.norm2.weight from d2v_model.modality_encoders.AUDIO.context_encoder.blocks.2.norm2.weight in ckpt
2026-08-28 13:46:38 - root - INFO - init param, map: modality_encoders.AUDIO.context_encoder.blocks.2.norm2.bias from d2v_model.modality_encoders.AUDIO.context_encoder.blocks.2.norm2.bias in ckpt
2026-08-28 13:46:38 - root - INFO - init param, map: modality_encoders.AUDIO.context_encoder.blocks.2.mlp.fc1.weight from d2v_model.modality_encoders.AUDIO.context_encoder.blocks.2.mlp.fc1.weight in ckpt
2026-08-28 13:46:38 - root - INFO - init param, map: modality_encoders.AUDIO.context_encoder.blocks.2.mlp.fc1.bias from d2v_model.modality_encoders.AUDIO.context_encoder.blocks.2.mlp.fc1.bias in ckpt
2026-08-28 13:46:38 - root - INFO - init param, map: modality_encoders.AUDIO.context_encoder.blocks.2.mlp.fc2.weight from d2v_model.modality_encoders.AUDIO.context_encoder.blocks.2.mlp.fc2.weight in ckpt
2026-08-28 13:46:38 - root - INFO - init param, map: modality_encoders.AUDIO.context_encoder.blocks.2.mlp.fc2.bias from d2v_model.modality_encoders.AUDIO.context_encoder.blocks.2.mlp.fc2.bias in ckpt
2026-08-28 13:46:38 - root - INFO - init param, map: modality_encoders.AUDIO.context_encoder.blocks.3.norm1.weight from d2v_model.modality_encoders.AUDIO.context_encoder.blocks.3.norm1.weight in ckpt
2026-08-28 13:46:38 - root - INFO - init param, map: modality_encoders.AUDIO.context_encoder.blocks.3.norm1.bias from d2v_model.modality_encoders.AUDIO.context_encoder.blocks.3.norm1.bias in ckpt
2026-08-28 13:46:38 - root - INFO - init param, map: modality_encoders.AUDIO.context_encoder.blocks.3.attn.qkv.weight from d2v_model.modality_encoders.AUDIO.context_encoder.blocks.3.attn.qkv.weight in ckpt
2026-08-28 13:46:38 - root - INFO - init param, map: modality_encoders.AUDIO.context_encoder.blocks.3.attn.qkv.bias from d2v_model.modality_encoders.AUDIO.context_encoder.blocks.3.attn.qkv.bias in ckpt
2026-08-28 13:46:38 - root - INFO - init param, map: modality_encoders.AUDIO.context_encoder.blocks.3.attn.proj.weight from d2v_model.modality_encoders.AUDIO.context_encoder.blocks.3.attn.proj.weight in ckpt
2026-08-28 13:46:38 - root - INFO - init param, map: modality_encoders.AUDIO.context_encoder.blocks.3.attn.proj.bias from d2v_model.modality_encoders.AUDIO.context_encoder.blocks.3.attn.proj.bias in ckpt
2026-08-28 13:46:38 - root - INFO - init param, map: modality_encoders.AUDIO.context_encoder.blocks.3.norm2.weight from d2v_model.modality_encoders.AUDIO.context_encoder.blocks.3.norm2.weight in ckpt
2026-08-28 13:46:38 - root - INFO - init param, map: modality_encoders.AUDIO.context_encoder.blocks.3.norm2.bias from d2v_model.modality_encoders.AUDIO.context_encoder.blocks.3.norm2.bias in ckpt
2026-08-28 13:46:38 - root - INFO - init param, map: modality_encoders.AUDIO.context_encoder.blocks.3.mlp.fc1.weight from d2v_model.modality_encoders.AUDIO.context_encoder.blocks.3.mlp.fc1.weight in ckpt
2026-08-28 13:46:38 - root - INFO - init param, map: modality_encoders.AUDIO.context_encoder.blocks.3.mlp.fc1.bias from d2v_model.modality_encoders.AUDIO.context_encoder.blocks.3.mlp.fc1.bias in ckpt
2026-08-28 13:46:38 - root - INFO - init param, map: modality_encoders.AUDIO.context_encoder.blocks.3.mlp.fc2.weight from d2v_model.modality_encoders.AUDIO.context_encoder.blocks.3.mlp.fc2.weight in ckpt
2026-08-28 13:46:38 - root - INFO - init param, map: modality_encoders.AUDIO.context_encoder.blocks.3.mlp.fc2.bias from d2v_model.modality_encoders.AUDIO.context_encoder.blocks.3.mlp.fc2.bias in ckpt
2026-08-28 13:46:38 - root - INFO - init param, map: modality_encoders.AUDIO.context_encoder.norm.weight from d2v_model.modality_encoders.AUDIO.context_encoder.norm.weight in ckpt
2026-08-28 13:46:38 - root - INFO - init param, map: modality_encoders.AUDIO.context_encoder.norm.bias from d2v_model.modality_encoders.AUDIO.context_encoder.norm.bias in ckpt
2026-08-28 13:46:38 - root - INFO - init param, map: blocks.0.norm1.weight from d2v_model.blocks.0.norm1.weight in ckpt
2026-08-28 13:46:38 - root - INFO - init param, map: blocks.0.norm1.bias from d2v_model.blocks.0.norm1.bias in ckpt
2026-08-28 13:46:38 - root - INFO - init param, map: blocks.0.attn.qkv.weight from d2v_model.blocks.0.attn.qkv.weight in ckpt
2026-08-28 13:46:38 - root - INFO - init param, map: blocks.0.attn.qkv.bias from d2v_model.blocks.0.attn.qkv.bias in ckpt
2026-08-28 13:46:38 - root - INFO - init param, map: blocks.0.attn.proj.weight from d2v_model.blocks.0.attn.proj.weight in ckpt
2026-08-28 13:46:38 - root - INFO - init param, map: blocks.0.attn.proj.bias from d2v_model.blocks.0.attn.proj.bias in ckpt
2026-08-28 13:46:38 - root - INFO - init param, map: blocks.0.norm2.weight from d2v_model.blocks.0.norm2.weight in ckpt
2026-08-28 13:46:38 - root - INFO - init param, map: blocks.0.norm2.bias from d2v_model.blocks.0.norm2.bias in ckpt
2026-08-28 13:46:38 - root - INFO - init param, map: blocks.0.mlp.fc1.weight from d2v_model.blocks.0.mlp.fc1.weight in ckpt
2026-08-28 13:46:38 - root - INFO - init param, map: blocks.0.mlp.fc1.bias from d2v_model.blocks.0.mlp.fc1.bias in ckpt
2026-08-28 13:46:38 - root - INFO - init param, map: blocks.0.mlp.fc2.weight from d2v_model.blocks.0.mlp.fc2.weight in ckpt
2026-08-28 13:46:38 - root - INFO - init param, map: blocks.0.mlp.fc2.bias from d2v_model.blocks.0.mlp.fc2.bias in ckpt
2026-08-28 13:46:38 - root - INFO - init param, map: blocks.1.norm1.weight from d2v_model.blocks.1.norm1.weight in ckpt
2026-08-28 13:46:38 - root - INFO - init param, map: blocks.1.norm1.bias from d2v_model.blocks.1.norm1.bias in ckpt
2026-08-28 13:46:38 - root - INFO - init param, map: blocks.1.attn.qkv.weight from d2v_model.blocks.1.attn.qkv.weight in ckpt
2026-08-28 13:46:38 - root - INFO - init param, map: blocks.1.attn.qkv.bias from d2v_model.blocks.1.attn.qkv.bias in ckpt
2026-08-28 13:46:38 - root - INFO - init param, map: blocks.1.attn.proj.weight from d2v_model.blocks.1.attn.proj.weight in ckpt
2026-08-28 13:46:38 - root - INFO - init param, map: blocks.1.attn.proj.bias from d2v_model.blocks.1.attn.proj.bias in ckpt
2026-08-28 13:46:38 - root - INFO - init param, map: blocks.1.norm2.weight from d2v_model.blocks.1.norm2.weight in ckpt
2026-08-28 13:46:38 - root - INFO - init param, map: blocks.1.norm2.bias from d2v_model.blocks.1.norm2.bias in ckpt
2026-08-28 13:46:38 - root - INFO - init param, map: blocks.1.mlp.fc1.weight from d2v_model.blocks.1.mlp.fc1.weight in ckpt
2026-08-28 13:46:38 - root - INFO - init param, map: blocks.1.mlp.fc1.bias from d2v_model.blocks.1.mlp.fc1.bias in ckpt
2026-08-28 13:46:38 - root - INFO - init param, map: blocks.1.mlp.fc2.weight from d2v_model.blocks.1.mlp.fc2.weight in ckpt
2026-08-28 13:46:38 - root - INFO - init param, map: blocks.1.mlp.fc2.bias from d2v_model.blocks.1.mlp.fc2.bias in ckpt
2026-08-28 13:46:38 - root - INFO - init param, map: blocks.2.norm1.weight from d2v_model.blocks.2.norm1.weight in ckpt
2026-08-28 13:46:38 - root - INFO - init param, map: blocks.2.norm1.bias from d2v_model.blocks.2.norm1.bias in ckpt
2026-08-28 13:46:38 - root - INFO - init param, map: blocks.2.attn.qkv.weight from d2v_model.blocks.2.attn.qkv.weight in ckpt
2026-08-28 13:46:38 - root - INFO - init param, map: blocks.2.attn.qkv.bias from d2v_model.blocks.2.attn.qkv.bias in ckpt
2026-08-28 13:46:38 - root - INFO - init param, map: blocks.2.attn.proj.weight from d2v_model.blocks.2.attn.proj.weight in ckpt
2026-08-28 13:46:38 - root - INFO - init param, map: blocks.2.attn.proj.bias from d2v_model.blocks.2.attn.proj.bias in ckpt
2026-08-28 13:46:38 - root - INFO - init param, map: blocks.2.norm2.weight from d2v_model.blocks.2.norm2.weight in ckpt
2026-08-28 13:46:38 - root - INFO - init param, map: blocks.2.norm2.bias from d2v_model.blocks.2.norm2.bias in ckpt
2026-08-28 13:46:38 - root - INFO - init param, map: blocks.2.mlp.fc1.weight from d2v_model.blocks.2.mlp.fc1.weight in ckpt
2026-08-28 13:46:38 - root - INFO - init param, map: blocks.2.mlp.fc1.bias from d2v_model.blocks.2.mlp.fc1.bias in ckpt
2026-08-28 13:46:38 - root - INFO - init param, map: blocks.2.mlp.fc2.weight from d2v_model.blocks.2.mlp.fc2.weight in ckpt
2026-08-28 13:46:38 - root - INFO - init param, map: blocks.2.mlp.fc2.bias from d2v_model.blocks.2.mlp.fc2.bias in ckpt
2026-08-28 13:46:38 - root - INFO - init param, map: blocks.3.norm1.weight from d2v_model.blocks.3.norm1.weight in ckpt
2026-08-28 13:46:38 - root - INFO - init param, map: blocks.3.norm1.bias from d2v_model.blocks.3.norm1.bias in ckpt
2026-08-28 13:46:38 - root - INFO - init param, map: blocks.3.attn.qkv.weight from d2v_model.blocks.3.attn.qkv.weight in ckpt
2026-08-28 13:46:38 - root - INFO - init param, map: blocks.3.attn.qkv.bias from d2v_model.blocks.3.attn.qkv.bias in ckpt
2026-08-28 13:46:38 - root - INFO - init param, map: blocks.3.attn.proj.weight from d2v_model.blocks.3.attn.proj.weight in ckpt
2026-08-28 13:46:38 - root - INFO - init param, map: blocks.3.attn.proj.bias from d2v_model.blocks.3.attn.proj.bias in ckpt
2026-08-28 13:46:38 - root - INFO - init param, map: blocks.3.norm2.weight from d2v_model.blocks.3.norm2.weight in ckpt
2026-08-28 13:46:38 - root - INFO - init param, map: blocks.3.norm2.bias from d2v_model.blocks.3.norm2.bias in ckpt
2026-08-28 13:46:38 - root - INFO - init param, map: blocks.3.mlp.fc1.weight from d2v_model.blocks.3.mlp.fc1.weight in ckpt
2026-08-28 13:46:38 - root - INFO - init param, map: blocks.3.mlp.fc1.bias from d2v_model.blocks.3.mlp.fc1.bias in ckpt
2026-08-28 13:46:38 - root - INFO - init param, map: blocks.3.mlp.fc2.weight from d2v_model.blocks.3.mlp.fc2.weight in ckpt
2026-08-28 13:46:38 - root - INFO - init param, map: blocks.3.mlp.fc2.bias from d2v_model.blocks.3.mlp.fc2.bias in ckpt
2026-08-28 13:46:38 - root - INFO - init param, map: blocks.4.norm1.weight from d2v_model.blocks.4.norm1.weight in ckpt
2026-08-28 13:46:38 - root - INFO - init param, map: blocks.4.norm1.bias from d2v_model.blocks.4.norm1.bias in ckpt
2026-08-28 13:46:38 - root - INFO - init param, map: blocks.4.attn.qkv.weight from d2v_model.blocks.4.attn.qkv.weight in ckpt
2026-08-28 13:46:38 - root - INFO - init param, map: blocks.4.attn.qkv.bias from d2v_model.blocks.4.attn.qkv.bias in ckpt
2026-08-28 13:46:38 - root - INFO - init param, map: blocks.4.attn.proj.weight from d2v_model.blocks.4.attn.proj.weight in ckpt
2026-08-28 13:46:38 - root - INFO - init param, map: blocks.4.attn.proj.bias from d2v_model.blocks.4.attn.proj.bias in ckpt
2026-08-28 13:46:38 - root - INFO - init param, map: blocks.4.norm2.weight from d2v_model.blocks.4.norm2.weight in ckpt
2026-08-28 13:46:38 - root - INFO - init param, map: blocks.4.norm2.bias from d2v_model.blocks.4.norm2.bias in ckpt
2026-08-28 13:46:38 - root - INFO - init param, map: blocks.4.mlp.fc1.weight from d2v_model.blocks.4.mlp.fc1.weight in ckpt
2026-08-28 13:46:38 - root - INFO - init param, map: blocks.4.mlp.fc1.bias from d2v_model.blocks.4.mlp.fc1.bias in ckpt
2026-08-28 13:46:38 - root - INFO - init param, map: blocks.4.mlp.fc2.weight from d2v_model.blocks.4.mlp.fc2.weight in ckpt
2026-08-28 13:46:38 - root - INFO - init param, map: blocks.4.mlp.fc2.bias from d2v_model.blocks.4.mlp.fc2.bias in ckpt
2026-08-28 13:46:38 - root - INFO - init param, map: blocks.5.norm1.weight from d2v_model.blocks.5.norm1.weight in ckpt
2026-08-28 13:46:38 - root - INFO - init param, map: blocks.5.norm1.bias from d2v_model.blocks.5.norm1.bias in ckpt
2026-08-28 13:46:38 - root - INFO - init param, map: blocks.5.attn.qkv.weight from d2v_model.blocks.5.attn.qkv.weight in ckpt
2026-08-28 13:46:38 - root - INFO - init param, map: blocks.5.attn.qkv.bias from d2v_model.blocks.5.attn.qkv.bias in ckpt
2026-08-28 13:46:38 - root - INFO - init param, map: blocks.5.attn.proj.weight from d2v_model.blocks.5.attn.proj.weight in ckpt
2026-08-28 13:46:38 - root - INFO - init param, map: blocks.5.attn.proj.bias from d2v_model.blocks.5.attn.proj.bias in ckpt
2026-08-28 13:46:38 - root - INFO - init param, map: blocks.5.norm2.weight from d2v_model.blocks.5.norm2.weight in ckpt
2026-08-28 13:46:38 - root - INFO - init param, map: blocks.5.norm2.bias from d2v_model.blocks.5.norm2.bias in ckpt
2026-08-28 13:46:38 - root - INFO - init param, map: blocks.5.mlp.fc1.weight from d2v_model.blocks.5.mlp.fc1.weight in ckpt
2026-08-28 13:46:38 - root - INFO - init param, map: blocks.5.mlp.fc1.bias from d2v_model.blocks.5.mlp.fc1.bias in ckpt
2026-08-28 13:46:38 - root - INFO - init param, map: blocks.5.mlp.fc2.weight from d2v_model.blocks.5.mlp.fc2.weight in ckpt
2026-08-28 13:46:38 - root - INFO - init param, map: blocks.5.mlp.fc2.bias from d2v_model.blocks.5.mlp.fc2.bias in ckpt
2026-08-28 13:46:38 - root - INFO - init param, map: blocks.6.norm1.weight from d2v_model.blocks.6.norm1.weight in ckpt
2026-08-28 13:46:38 - root - INFO - init param, map: blocks.6.norm1.bias from d2v_model.blocks.6.norm1.bias in ckpt
2026-08-28 13:46:38 - root - INFO - init param, map: blocks.6.attn.qkv.weight from d2v_model.blocks.6.attn.qkv.weight in ckpt
2026-08-28 13:46:38 - root - INFO - init param, map: blocks.6.attn.qkv.bias from d2v_model.blocks.6.attn.qkv.bias in ckpt
2026-08-28 13:46:38 - root - INFO - init param, map: blocks.6.attn.proj.weight from d2v_model.blocks.6.attn.proj.weight in ckpt
2026-08-28 13:46:38 - root - INFO - init param, map: blocks.6.attn.proj.bias from d2v_model.blocks.6.attn.proj.bias in ckpt
2026-08-28 13:46:38 - root - INFO - init param, map: blocks.6.norm2.weight from d2v_model.blocks.6.norm2.weight in ckpt
2026-08-28 13:46:38 - root - INFO - init param, map: blocks.6.norm2.bias from d2v_model.blocks.6.norm2.bias in ckpt
2026-08-28 13:46:38 - root - INFO - init param, map: blocks.6.mlp.fc1.weight from d2v_model.blocks.6.mlp.fc1.weight in ckpt
2026-08-28 13:46:38 - root - INFO - init param, map: blocks.6.mlp.fc1.bias from d2v_model.blocks.6.mlp.fc1.bias in ckpt
2026-08-28 13:46:38 - root - INFO - init param, map: blocks.6.mlp.fc2.weight from d2v_model.blocks.6.mlp.fc2.weight in ckpt
2026-08-28 13:46:38 - root - INFO - init param, map: blocks.6.mlp.fc2.bias from d2v_model.blocks.6.mlp.fc2.bias in ckpt
2026-08-28 13:46:38 - root - INFO - init param, map: blocks.7.norm1.weight from d2v_model.blocks.7.norm1.weight in ckpt
2026-08-28 13:46:38 - root - INFO - init param, map: blocks.7.norm1.bias from d2v_model.blocks.7.norm1.bias in ckpt
2026-08-28 13:46:38 - root - INFO - init param, map: blocks.7.attn.qkv.weight from d2v_model.blocks.7.attn.qkv.weight in ckpt
2026-08-28 13:46:38 - root - INFO - init param, map: blocks.7.attn.qkv.bias from d2v_model.blocks.7.attn.qkv.bias in ckpt
2026-08-28 13:46:38 - root - INFO - init param, map: blocks.7.attn.proj.weight from d2v_model.blocks.7.attn.proj.weight in ckpt
2026-08-28 13:46:38 - root - INFO - init param, map: blocks.7.attn.proj.bias from d2v_model.blocks.7.attn.proj.bias in ckpt
2026-08-28 13:46:38 - root - INFO - init param, map: blocks.7.norm2.weight from d2v_model.blocks.7.norm2.weight in ckpt
2026-08-28 13:46:38 - root - INFO - init param, map: blocks.7.norm2.bias from d2v_model.blocks.7.norm2.bias in ckpt
2026-08-28 13:46:38 - root - INFO - init param, map: blocks.7.mlp.fc1.weight from d2v_model.blocks.7.mlp.fc1.weight in ckpt
2026-08-28 13:46:38 - root - INFO - init param, map: blocks.7.mlp.fc1.bias from d2v_model.blocks.7.mlp.fc1.bias in ckpt
2026-08-28 13:46:38 - root - INFO - init param, map: blocks.7.mlp.fc2.weight from d2v_model.blocks.7.mlp.fc2.weight in ckpt
2026-08-28 13:46:38 - root - INFO - init param, map: blocks.7.mlp.fc2.bias from d2v_model.blocks.7.mlp.fc2.bias in ckpt
2026-08-28 13:46:39 - root - INFO - Loading ckpt: C:\Users\Administrator\.cache\huggingface\hub\models--emotion2vec--emotion2vec_plus_seed\snapshots\7be9a30d52bdc793cc24e6f7d25358d6648927c1\model.pt, status: <All keys matched successfully>
2026-08-28 13:46:40 - accelerate.utils.modeling - INFO - We will use 90% of the memory on device 0 for storing the model, and 10% for the buffer to avoid OOM. You can set `max_memory` in to a higher value to use more memory (at your own risk).
2026-08-28 13:46:40 - server.services.bertServices - INFO - passing sentence This is a warmup sentence for the machine learning models through distilbert
2026-08-28 13:46:40 - server.services.bertServices - INFO - time for distilbert inference : 0.24184260000038194 seconds
2026-08-28 13:46:41 - __main__ - INFO - Sample rate for current audio file is 48000
2026-08-28 13:46:41 - server.services.emotionsServices - INFO - Time for emotion2vec inference : 0.6661151000007521 seconds
2026-08-28 13:46:42 - faster_whisper - INFO - Processing audio with duration 00:08.533
2026-08-28 13:46:42 - faster_whisper - INFO - VAD filter removed 00:02.101 of audio
2026-08-28 13:46:43 - server.services.whisperServices - INFO - time for whisper inference : 1.9616151999998692 seconds
2026-08-28 13:46:48 - server.services.kokoroServices - INFO - TTFT for kokoro: 0.7867671000003611 sec
2026-08-28 13:46:48 - server.services.kokoroServices - INFO - Time for kokoro inference: 0.7869608999990305 sec
2026-08-28 13:46:48 - __main__ - INFO - ======== RUNNING TEST FOR INFERENCE TIMES =======
2026-08-28 13:46:48 - server.services.bertServices - INFO - passing sentence This is a warmup sentence for the machine learning models through distilbert
2026-08-28 13:46:48 - server.services.bertServices - INFO - time for distilbert inference : 0.009575299998687115 seconds
2026-08-28 13:46:48 - server.services.emotionsServices - INFO - Time for emotion2vec inference : 0.34602319999976316 seconds
2026-08-28 13:46:48 - faster_whisper - INFO - Processing audio with duration 00:08.533
2026-08-28 13:46:48 - faster_whisper - INFO - VAD filter removed 00:02.101 of audio
2026-08-28 13:46:49 - server.services.whisperServices - INFO - time for whisper inference : 1.2058966000004148 seconds
2026-08-28 13:46:50 - server.services.kokoroServices - INFO - TTFT for kokoro: 0.20904189999964728 sec
2026-08-28 13:46:50 - server.services.kokoroServices - INFO - Time for kokoro inference: 0.2092229000008956 sec
2026-08-28 13:46:57 - server.services.bertServices - INFO - passing sentence Hello. Thank you for taking the time to meet with me today. I'm glad to be here and looking forward to our conversation. through distilbert
2026-08-28 13:46:57 - server.services.bertServices - INFO - time for distilbert inference : 0.013050200001089252 seconds
2026-08-28 13:46:57 - server.services.bertServices - INFO - time for distilbert mapping : 0.004161299999395851 seconds
2026-08-28 13:46:57 - server.services.bertServices - INFO - time for distilbert post processing : 0.000383700000384124 seconds
2026-08-28 13:47:01 - server.services.kokoroServices - INFO - Passing [Hello. Thank you for taking the time to meet with me today. I'm glad to be here and looking forward to our conversation.] through kokoro
2026-08-28 13:47:02 - server.services.kokoroServices - INFO - TTFT for kokoro: 0.42301340000085474 sec
2026-08-28 13:47:02 - server.services.kokoroServices - INFO - Time for kokoro inference: 0.4252321000003576 sec
2026-08-28 13:48:23 - server.services.bertServices - INFO - passing sentence Hello, and thank you for having me. If you are looking to become a software engineer, I would suggest focusing on building a strong foundation in core programming concepts and data structures rather than just memorizing through distilbert
2026-08-28 13:48:23 - server.services.bertServices - INFO - time for distilbert inference : 0.016443300000901218 seconds
2026-08-28 13:48:23 - server.services.bertServices - INFO - time for distilbert mapping : 0.0019951000012952136 seconds
2026-08-28 13:48:23 - server.services.bertServices - INFO - time for distilbert post processing : 0.00012099999912607018 seconds
2026-08-28 13:48:27 - server.services.kokoroServices - INFO - Passing [Hello, and thank you for having me. If you are looking to become a software engineer, I would suggest focusing on building a strong foundation in core programming concepts and data structures rather than just memorizing] through kokoro
2026-08-28 13:48:27 - server.services.kokoroServices - INFO - TTFT for kokoro: 0.8575390999994852 sec
2026-08-28 13:48:27 - server.services.kokoroServices - INFO - Time for kokoro inference: 0.8596773999997822 sec
2026-08-28 13:48:33 - server.services.bertServices - INFO - passing sentence  syntax. When I started, I found that building actual projects and managing them with Git helped me learn faster than just following tutorials, though I initially spent too much time trying to learn multiple languages at once instead of mastering one. It also really helps to get through distilbert
2026-08-28 13:48:33 - server.services.bertServices - INFO - time for distilbert inference : 0.010453599999891594 seconds
2026-08-28 13:48:33 - server.services.bertServices - INFO - time for distilbert mapping : 0.0059338000010029646 seconds
2026-08-28 13:48:33 - server.services.bertServices - INFO - time for distilbert post processing : 0.00012410000090312678 seconds
2026-08-28 13:48:33 - server.services.bertServices - INFO - passing sentence  comfortable with debugging and system basics early on, but a lot of the journey depends on whether you are leaning toward front-end, back-end, or something else entirely. through distilbert
2026-08-28 13:48:33 - server.services.bertServices - INFO - time for distilbert inference : 0.009985900000174297 seconds
2026-08-28 13:48:33 - server.services.bertServices - INFO - time for distilbert mapping : 0.005318700001225807 seconds
2026-08-28 13:48:33 - server.services.bertServices - INFO - time for distilbert post processing : 0.00011100000119768083 seconds
2026-08-28 13:48:37 - server.services.kokoroServices - INFO - Passing [ comfortable with debugging and system basics early on, but a lot of the journey depends on whether you are leaning toward front-end, back-end, or something else entirely.] through kokoro
2026-08-28 13:48:37 - server.services.kokoroServices - INFO - TTFT for kokoro: 0.6408620000001974 sec
2026-08-28 13:48:37 - server.services.kokoroServices - INFO - Time for kokoro inference: 0.6428825999992114 sec
2026-08-28 13:50:38 - server.services.bertServices - INFO - passing sentence Hello! It is a pleasure to meet you today. Thank you for taking the time to speak with me. I am ready whenever you are to get started with the interview. through distilbert
2026-08-28 13:50:38 - server.services.bertServices - INFO - time for distilbert inference : 0.012406800000462681 seconds
2026-08-28 13:50:38 - server.services.bertServices - INFO - time for distilbert mapping : 0.006564400000570458 seconds
2026-08-28 13:50:38 - server.services.bertServices - INFO - time for distilbert post processing : 0.00020589999985531904 seconds
2026-08-28 13:50:41 - server.services.kokoroServices - INFO - Passing [Hello! It is a pleasure to meet you today. Thank you for taking the time to speak with me. I am ready whenever you are to get started with the interview.] through kokoro
2026-08-28 13:50:41 - server.services.kokoroServices - INFO - TTFT for kokoro: 0.3832561000017449 sec
2026-08-28 13:50:41 - server.services.kokoroServices - INFO - Time for kokoro inference: 0.3841632000003301 sec
2026-08-28 13:51:20 - server.services.bertServices - INFO - passing sentence Hello. Thank you for having me today. I am excited about the opportunity to discuss my background with you. Lately, I have been involved in several different projects handling general operations and various system tasks, but I am ready to dive through distilbert
2026-08-28 13:51:20 - server.services.bertServices - INFO - time for distilbert inference : 0.01159170000028098 seconds
2026-08-28 13:51:20 - server.services.bertServices - INFO - time for distilbert mapping : 0.005437499999970896 seconds
2026-08-28 13:51:20 - server.services.bertServices - INFO - time for distilbert post processing : 0.00011989999984507449 seconds
2026-08-28 13:51:23 - server.services.kokoroServices - INFO - Passing [Hello. Thank you for having me today. I am excited about the opportunity to discuss my background with you. Lately, I have been involved in several different projects handling general operations and various system tasks, but I am ready to dive] through kokoro
2026-08-28 13:51:24 - server.services.kokoroServices - INFO - TTFT for kokoro: 0.7341359999991255 sec
2026-08-28 13:51:24 - server.services.kokoroServices - INFO - Time for kokoro inference: 0.7361168999996153 sec
2026-08-28 13:51:28 - server.services.kokoroServices - INFO - Passing [ into whatever specific areas you would like to focus on first. Where would you like to start?] through kokoro
2026-08-28 13:51:28 - server.services.kokoroServices - INFO - TTFT for kokoro: 0.36700869999913266 sec
2026-08-28 13:51:28 - server.services.kokoroServices - INFO - Time for kokoro inference: 0.36804449999908684 sec
2026-08-28 14:07:34 - server.services.bertServices - INFO - passing sentence Hello! Thank you for taking the time to meet with me today. I'm glad to be here and ready to get started whenever you are. through distilbert
2026-08-28 14:07:34 - server.services.bertServices - INFO - time for distilbert inference : 0.009758399999554968 seconds
2026-08-28 14:07:34 - server.services.bertServices - INFO - time for distilbert mapping : 0.006528500000058557 seconds
2026-08-28 14:07:34 - server.services.bertServices - INFO - time for distilbert post processing : 0.00016959999993559904 seconds
2026-08-28 14:07:37 - server.services.kokoroServices - INFO - Passing [Hello! Thank you for taking the time to meet with me today. I'm glad to be here and ready to get started whenever you are.] through kokoro
2026-08-28 14:07:38 - server.services.kokoroServices - INFO - TTFT for kokoro: 0.4362787999998545 sec
2026-08-28 14:07:38 - server.services.kokoroServices - INFO - Time for kokoro inference: 0.4372985999998491 sec
2026-08-28 14:09:01 - server.services.bertServices - INFO - passing sentence Great. I am really looking forward to discussing my background and learning more about the team and what you are looking for in this role. Whenever you are ready, please feel free to ask your first question. through distilbert
2026-08-28 14:09:01 - server.services.bertServices - INFO - time for distilbert inference : 0.009957999998732703 seconds
2026-08-28 14:09:01 - server.services.bertServices - INFO - time for distilbert mapping : 0.0036913000003551133 seconds
2026-08-28 14:09:01 - server.services.bertServices - INFO - time for distilbert post processing : 0.00015859999984968454 seconds
2026-08-28 14:09:04 - server.services.kokoroServices - INFO - Passing [Great. I am really looking forward to discussing my background and learning more about the team and what you are looking for in this role. Whenever you are ready, please feel free to ask your first question.] through kokoro
2026-08-28 14:09:05 - server.services.kokoroServices - INFO - TTFT for kokoro: 0.7202714999984892 sec
2026-08-28 14:09:05 - server.services.kokoroServices - INFO - Time for kokoro inference: 0.7216927999998006 sec
2026-08-28 14:25:39 - __main__ - INFO - Windows Server shutting down ...
