2026-08-13 14:51:43 - root - INFO - download models from model hub: hf
2026-08-13 14:51:44 - httpx - INFO - HTTP Request: GET https://huggingface.co/api/models/emotion2vec/emotion2vec_plus_seed/revision/main "HTTP/1.1 200 OK"
2026-08-13 14:51:44 - root - WARNING - trust_remote_code: False
2026-08-13 14:51:45 - root - INFO - Loading pretrained params from C:\Users\Administrator\.cache\huggingface\hub\models--emotion2vec--emotion2vec_plus_seed\snapshots\7be9a30d52bdc793cc24e6f7d25358d6648927c1\model.pt
2026-08-13 14:51:45 - root - INFO - ckpt: C:\Users\Administrator\.cache\huggingface\hub\models--emotion2vec--emotion2vec_plus_seed\snapshots\7be9a30d52bdc793cc24e6f7d25358d6648927c1\model.pt
2026-08-13 14:51:47 - root - INFO - scope_map: ['d2v_model.', 'none', 'module.', 'None']
2026-08-13 14:51:47 - root - INFO - excludes: None
2026-08-13 14:51:47 - root - INFO - init param, map: modality_encoders.AUDIO.extra_tokens from d2v_model.modality_encoders.AUDIO.extra_tokens in ckpt
2026-08-13 14:51:47 - root - INFO - init param, map: modality_encoders.AUDIO.alibi_scale from d2v_model.modality_encoders.AUDIO.alibi_scale in ckpt
2026-08-13 14:51:47 - root - INFO - init param, map: modality_encoders.AUDIO.local_encoder.conv_layers.0.0.weight from d2v_model.modality_encoders.AUDIO.local_encoder.conv_layers.0.0.weight in ckpt
2026-08-13 14:51:47 - root - INFO - init param, map: modality_encoders.AUDIO.local_encoder.conv_layers.0.2.1.weight from d2v_model.modality_encoders.AUDIO.local_encoder.conv_layers.0.2.1.weight in ckpt
2026-08-13 14:51:47 - root - INFO - init param, map: modality_encoders.AUDIO.local_encoder.conv_layers.0.2.1.bias from d2v_model.modality_encoders.AUDIO.local_encoder.conv_layers.0.2.1.bias in ckpt
2026-08-13 14:51:47 - root - INFO - init param, map: modality_encoders.AUDIO.local_encoder.conv_layers.1.0.weight from d2v_model.modality_encoders.AUDIO.local_encoder.conv_layers.1.0.weight in ckpt
2026-08-13 14:51:47 - root - INFO - init param, map: modality_encoders.AUDIO.local_encoder.conv_layers.1.2.1.weight from d2v_model.modality_encoders.AUDIO.local_encoder.conv_layers.1.2.1.weight in ckpt
2026-08-13 14:51:47 - root - INFO - init param, map: modality_encoders.AUDIO.local_encoder.conv_layers.1.2.1.bias from d2v_model.modality_encoders.AUDIO.local_encoder.conv_layers.1.2.1.bias in ckpt
2026-08-13 14:51:47 - root - INFO - init param, map: modality_encoders.AUDIO.local_encoder.conv_layers.2.0.weight from d2v_model.modality_encoders.AUDIO.local_encoder.conv_layers.2.0.weight in ckpt
2026-08-13 14:51:47 - root - INFO - init param, map: modality_encoders.AUDIO.local_encoder.conv_layers.2.2.1.weight from d2v_model.modality_encoders.AUDIO.local_encoder.conv_layers.2.2.1.weight in ckpt
2026-08-13 14:51:47 - root - INFO - init param, map: modality_encoders.AUDIO.local_encoder.conv_layers.2.2.1.bias from d2v_model.modality_encoders.AUDIO.local_encoder.conv_layers.2.2.1.bias in ckpt
2026-08-13 14:51:47 - root - INFO - init param, map: modality_encoders.AUDIO.local_encoder.conv_layers.3.0.weight from d2v_model.modality_encoders.AUDIO.local_encoder.conv_layers.3.0.weight in ckpt
2026-08-13 14:51:47 - root - INFO - init param, map: modality_encoders.AUDIO.local_encoder.conv_layers.3.2.1.weight from d2v_model.modality_encoders.AUDIO.local_encoder.conv_layers.3.2.1.weight in ckpt
2026-08-13 14:51:47 - root - INFO - init param, map: modality_encoders.AUDIO.local_encoder.conv_layers.3.2.1.bias from d2v_model.modality_encoders.AUDIO.local_encoder.conv_layers.3.2.1.bias in ckpt
2026-08-13 14:51:47 - root - INFO - init param, map: modality_encoders.AUDIO.local_encoder.conv_layers.4.0.weight from d2v_model.modality_encoders.AUDIO.local_encoder.conv_layers.4.0.weight in ckpt
2026-08-13 14:51:47 - root - INFO - init param, map: modality_encoders.AUDIO.local_encoder.conv_layers.4.2.1.weight from d2v_model.modality_encoders.AUDIO.local_encoder.conv_layers.4.2.1.weight in ckpt
2026-08-13 14:51:47 - root - INFO - init param, map: modality_encoders.AUDIO.local_encoder.conv_layers.4.2.1.bias from d2v_model.modality_encoders.AUDIO.local_encoder.conv_layers.4.2.1.bias in ckpt
2026-08-13 14:51:47 - root - INFO - init param, map: modality_encoders.AUDIO.local_encoder.conv_layers.5.0.weight from d2v_model.modality_encoders.AUDIO.local_encoder.conv_layers.5.0.weight in ckpt
2026-08-13 14:51:47 - root - INFO - init param, map: modality_encoders.AUDIO.local_encoder.conv_layers.5.2.1.weight from d2v_model.modality_encoders.AUDIO.local_encoder.conv_layers.5.2.1.weight in ckpt
2026-08-13 14:51:47 - root - INFO - init param, map: modality_encoders.AUDIO.local_encoder.conv_layers.5.2.1.bias from d2v_model.modality_encoders.AUDIO.local_encoder.conv_layers.5.2.1.bias in ckpt
2026-08-13 14:51:47 - root - INFO - init param, map: modality_encoders.AUDIO.local_encoder.conv_layers.6.0.weight from d2v_model.modality_encoders.AUDIO.local_encoder.conv_layers.6.0.weight in ckpt
2026-08-13 14:51:47 - root - INFO - init param, map: modality_encoders.AUDIO.local_encoder.conv_layers.6.2.1.weight from d2v_model.modality_encoders.AUDIO.local_encoder.conv_layers.6.2.1.weight in ckpt
2026-08-13 14:51:47 - root - INFO - init param, map: modality_encoders.AUDIO.local_encoder.conv_layers.6.2.1.bias from d2v_model.modality_encoders.AUDIO.local_encoder.conv_layers.6.2.1.bias in ckpt
2026-08-13 14:51:47 - root - INFO - init param, map: modality_encoders.AUDIO.project_features.1.weight from d2v_model.modality_encoders.AUDIO.project_features.1.weight in ckpt
2026-08-13 14:51:47 - root - INFO - init param, map: modality_encoders.AUDIO.project_features.1.bias from d2v_model.modality_encoders.AUDIO.project_features.1.bias in ckpt
2026-08-13 14:51:47 - root - INFO - init param, map: modality_encoders.AUDIO.project_features.2.weight from d2v_model.modality_encoders.AUDIO.project_features.2.weight in ckpt
2026-08-13 14:51:47 - root - INFO - init param, map: modality_encoders.AUDIO.project_features.2.bias from d2v_model.modality_encoders.AUDIO.project_features.2.bias in ckpt
2026-08-13 14:51:47 - root - INFO - init param, map: modality_encoders.AUDIO.relative_positional_encoder.1.0.weight from d2v_model.modality_encoders.AUDIO.relative_positional_encoder.1.0.weight in ckpt
2026-08-13 14:51:47 - root - INFO - init param, map: modality_encoders.AUDIO.relative_positional_encoder.1.0.bias from d2v_model.modality_encoders.AUDIO.relative_positional_encoder.1.0.bias in ckpt
2026-08-13 14:51:47 - root - INFO - init param, map: modality_encoders.AUDIO.relative_positional_encoder.2.0.weight from d2v_model.modality_encoders.AUDIO.relative_positional_encoder.2.0.weight in ckpt
2026-08-13 14:51:47 - root - INFO - init param, map: modality_encoders.AUDIO.relative_positional_encoder.2.0.bias from d2v_model.modality_encoders.AUDIO.relative_positional_encoder.2.0.bias in ckpt
2026-08-13 14:51:47 - root - INFO - init param, map: modality_encoders.AUDIO.relative_positional_encoder.3.0.weight from d2v_model.modality_encoders.AUDIO.relative_positional_encoder.3.0.weight in ckpt
2026-08-13 14:51:47 - root - INFO - init param, map: modality_encoders.AUDIO.relative_positional_encoder.3.0.bias from d2v_model.modality_encoders.AUDIO.relative_positional_encoder.3.0.bias in ckpt
2026-08-13 14:51:47 - root - INFO - init param, map: modality_encoders.AUDIO.relative_positional_encoder.4.0.weight from d2v_model.modality_encoders.AUDIO.relative_positional_encoder.4.0.weight in ckpt
2026-08-13 14:51:47 - root - INFO - init param, map: modality_encoders.AUDIO.relative_positional_encoder.4.0.bias from d2v_model.modality_encoders.AUDIO.relative_positional_encoder.4.0.bias in ckpt
2026-08-13 14:51:47 - root - INFO - init param, map: modality_encoders.AUDIO.relative_positional_encoder.5.0.weight from d2v_model.modality_encoders.AUDIO.relative_positional_encoder.5.0.weight in ckpt
2026-08-13 14:51:47 - root - INFO - init param, map: modality_encoders.AUDIO.relative_positional_encoder.5.0.bias from d2v_model.modality_encoders.AUDIO.relative_positional_encoder.5.0.bias in ckpt
2026-08-13 14:51:47 - root - INFO - init param, map: modality_encoders.AUDIO.context_encoder.blocks.0.norm1.weight from d2v_model.modality_encoders.AUDIO.context_encoder.blocks.0.norm1.weight in ckpt
2026-08-13 14:51:47 - root - INFO - init param, map: modality_encoders.AUDIO.context_encoder.blocks.0.norm1.bias from d2v_model.modality_encoders.AUDIO.context_encoder.blocks.0.norm1.bias in ckpt
2026-08-13 14:51:47 - root - INFO - init param, map: modality_encoders.AUDIO.context_encoder.blocks.0.attn.qkv.weight from d2v_model.modality_encoders.AUDIO.context_encoder.blocks.0.attn.qkv.weight in ckpt
2026-08-13 14:51:47 - root - INFO - init param, map: modality_encoders.AUDIO.context_encoder.blocks.0.attn.qkv.bias from d2v_model.modality_encoders.AUDIO.context_encoder.blocks.0.attn.qkv.bias in ckpt
2026-08-13 14:51:47 - root - INFO - init param, map: modality_encoders.AUDIO.context_encoder.blocks.0.attn.proj.weight from d2v_model.modality_encoders.AUDIO.context_encoder.blocks.0.attn.proj.weight in ckpt
2026-08-13 14:51:47 - root - INFO - init param, map: modality_encoders.AUDIO.context_encoder.blocks.0.attn.proj.bias from d2v_model.modality_encoders.AUDIO.context_encoder.blocks.0.attn.proj.bias in ckpt
2026-08-13 14:51:47 - root - INFO - init param, map: modality_encoders.AUDIO.context_encoder.blocks.0.norm2.weight from d2v_model.modality_encoders.AUDIO.context_encoder.blocks.0.norm2.weight in ckpt
2026-08-13 14:51:47 - root - INFO - init param, map: modality_encoders.AUDIO.context_encoder.blocks.0.norm2.bias from d2v_model.modality_encoders.AUDIO.context_encoder.blocks.0.norm2.bias in ckpt
2026-08-13 14:51:47 - root - INFO - init param, map: modality_encoders.AUDIO.context_encoder.blocks.0.mlp.fc1.weight from d2v_model.modality_encoders.AUDIO.context_encoder.blocks.0.mlp.fc1.weight in ckpt
2026-08-13 14:51:47 - root - INFO - init param, map: modality_encoders.AUDIO.context_encoder.blocks.0.mlp.fc1.bias from d2v_model.modality_encoders.AUDIO.context_encoder.blocks.0.mlp.fc1.bias in ckpt
2026-08-13 14:51:47 - root - INFO - init param, map: modality_encoders.AUDIO.context_encoder.blocks.0.mlp.fc2.weight from d2v_model.modality_encoders.AUDIO.context_encoder.blocks.0.mlp.fc2.weight in ckpt
2026-08-13 14:51:47 - root - INFO - init param, map: modality_encoders.AUDIO.context_encoder.blocks.0.mlp.fc2.bias from d2v_model.modality_encoders.AUDIO.context_encoder.blocks.0.mlp.fc2.bias in ckpt
2026-08-13 14:51:47 - root - INFO - init param, map: modality_encoders.AUDIO.context_encoder.blocks.1.norm1.weight from d2v_model.modality_encoders.AUDIO.context_encoder.blocks.1.norm1.weight in ckpt
2026-08-13 14:51:47 - root - INFO - init param, map: modality_encoders.AUDIO.context_encoder.blocks.1.norm1.bias from d2v_model.modality_encoders.AUDIO.context_encoder.blocks.1.norm1.bias in ckpt
2026-08-13 14:51:47 - root - INFO - init param, map: modality_encoders.AUDIO.context_encoder.blocks.1.attn.qkv.weight from d2v_model.modality_encoders.AUDIO.context_encoder.blocks.1.attn.qkv.weight in ckpt
2026-08-13 14:51:47 - root - INFO - init param, map: modality_encoders.AUDIO.context_encoder.blocks.1.attn.qkv.bias from d2v_model.modality_encoders.AUDIO.context_encoder.blocks.1.attn.qkv.bias in ckpt
2026-08-13 14:51:47 - root - INFO - init param, map: modality_encoders.AUDIO.context_encoder.blocks.1.attn.proj.weight from d2v_model.modality_encoders.AUDIO.context_encoder.blocks.1.attn.proj.weight in ckpt
2026-08-13 14:51:47 - root - INFO - init param, map: modality_encoders.AUDIO.context_encoder.blocks.1.attn.proj.bias from d2v_model.modality_encoders.AUDIO.context_encoder.blocks.1.attn.proj.bias in ckpt
2026-08-13 14:51:47 - root - INFO - init param, map: modality_encoders.AUDIO.context_encoder.blocks.1.norm2.weight from d2v_model.modality_encoders.AUDIO.context_encoder.blocks.1.norm2.weight in ckpt
2026-08-13 14:51:47 - root - INFO - init param, map: modality_encoders.AUDIO.context_encoder.blocks.1.norm2.bias from d2v_model.modality_encoders.AUDIO.context_encoder.blocks.1.norm2.bias in ckpt
2026-08-13 14:51:47 - root - INFO - init param, map: modality_encoders.AUDIO.context_encoder.blocks.1.mlp.fc1.weight from d2v_model.modality_encoders.AUDIO.context_encoder.blocks.1.mlp.fc1.weight in ckpt
2026-08-13 14:51:47 - root - INFO - init param, map: modality_encoders.AUDIO.context_encoder.blocks.1.mlp.fc1.bias from d2v_model.modality_encoders.AUDIO.context_encoder.blocks.1.mlp.fc1.bias in ckpt
2026-08-13 14:51:47 - root - INFO - init param, map: modality_encoders.AUDIO.context_encoder.blocks.1.mlp.fc2.weight from d2v_model.modality_encoders.AUDIO.context_encoder.blocks.1.mlp.fc2.weight in ckpt
2026-08-13 14:51:47 - root - INFO - init param, map: modality_encoders.AUDIO.context_encoder.blocks.1.mlp.fc2.bias from d2v_model.modality_encoders.AUDIO.context_encoder.blocks.1.mlp.fc2.bias in ckpt
2026-08-13 14:51:47 - root - INFO - init param, map: modality_encoders.AUDIO.context_encoder.blocks.2.norm1.weight from d2v_model.modality_encoders.AUDIO.context_encoder.blocks.2.norm1.weight in ckpt
2026-08-13 14:51:47 - root - INFO - init param, map: modality_encoders.AUDIO.context_encoder.blocks.2.norm1.bias from d2v_model.modality_encoders.AUDIO.context_encoder.blocks.2.norm1.bias in ckpt
2026-08-13 14:51:47 - root - INFO - init param, map: modality_encoders.AUDIO.context_encoder.blocks.2.attn.qkv.weight from d2v_model.modality_encoders.AUDIO.context_encoder.blocks.2.attn.qkv.weight in ckpt
2026-08-13 14:51:47 - root - INFO - init param, map: modality_encoders.AUDIO.context_encoder.blocks.2.attn.qkv.bias from d2v_model.modality_encoders.AUDIO.context_encoder.blocks.2.attn.qkv.bias in ckpt
2026-08-13 14:51:47 - root - INFO - init param, map: modality_encoders.AUDIO.context_encoder.blocks.2.attn.proj.weight from d2v_model.modality_encoders.AUDIO.context_encoder.blocks.2.attn.proj.weight in ckpt
2026-08-13 14:51:47 - root - INFO - init param, map: modality_encoders.AUDIO.context_encoder.blocks.2.attn.proj.bias from d2v_model.modality_encoders.AUDIO.context_encoder.blocks.2.attn.proj.bias in ckpt
2026-08-13 14:51:47 - root - INFO - init param, map: modality_encoders.AUDIO.context_encoder.blocks.2.norm2.weight from d2v_model.modality_encoders.AUDIO.context_encoder.blocks.2.norm2.weight in ckpt
2026-08-13 14:51:47 - root - INFO - init param, map: modality_encoders.AUDIO.context_encoder.blocks.2.norm2.bias from d2v_model.modality_encoders.AUDIO.context_encoder.blocks.2.norm2.bias in ckpt
2026-08-13 14:51:47 - root - INFO - init param, map: modality_encoders.AUDIO.context_encoder.blocks.2.mlp.fc1.weight from d2v_model.modality_encoders.AUDIO.context_encoder.blocks.2.mlp.fc1.weight in ckpt
2026-08-13 14:51:47 - root - INFO - init param, map: modality_encoders.AUDIO.context_encoder.blocks.2.mlp.fc1.bias from d2v_model.modality_encoders.AUDIO.context_encoder.blocks.2.mlp.fc1.bias in ckpt
2026-08-13 14:51:47 - root - INFO - init param, map: modality_encoders.AUDIO.context_encoder.blocks.2.mlp.fc2.weight from d2v_model.modality_encoders.AUDIO.context_encoder.blocks.2.mlp.fc2.weight in ckpt
2026-08-13 14:51:47 - root - INFO - init param, map: modality_encoders.AUDIO.context_encoder.blocks.2.mlp.fc2.bias from d2v_model.modality_encoders.AUDIO.context_encoder.blocks.2.mlp.fc2.bias in ckpt
2026-08-13 14:51:47 - root - INFO - init param, map: modality_encoders.AUDIO.context_encoder.blocks.3.norm1.weight from d2v_model.modality_encoders.AUDIO.context_encoder.blocks.3.norm1.weight in ckpt
2026-08-13 14:51:47 - root - INFO - init param, map: modality_encoders.AUDIO.context_encoder.blocks.3.norm1.bias from d2v_model.modality_encoders.AUDIO.context_encoder.blocks.3.norm1.bias in ckpt
2026-08-13 14:51:47 - root - INFO - init param, map: modality_encoders.AUDIO.context_encoder.blocks.3.attn.qkv.weight from d2v_model.modality_encoders.AUDIO.context_encoder.blocks.3.attn.qkv.weight in ckpt
2026-08-13 14:51:47 - root - INFO - init param, map: modality_encoders.AUDIO.context_encoder.blocks.3.attn.qkv.bias from d2v_model.modality_encoders.AUDIO.context_encoder.blocks.3.attn.qkv.bias in ckpt
2026-08-13 14:51:47 - root - INFO - init param, map: modality_encoders.AUDIO.context_encoder.blocks.3.attn.proj.weight from d2v_model.modality_encoders.AUDIO.context_encoder.blocks.3.attn.proj.weight in ckpt
2026-08-13 14:51:47 - root - INFO - init param, map: modality_encoders.AUDIO.context_encoder.blocks.3.attn.proj.bias from d2v_model.modality_encoders.AUDIO.context_encoder.blocks.3.attn.proj.bias in ckpt
2026-08-13 14:51:47 - root - INFO - init param, map: modality_encoders.AUDIO.context_encoder.blocks.3.norm2.weight from d2v_model.modality_encoders.AUDIO.context_encoder.blocks.3.norm2.weight in ckpt
2026-08-13 14:51:47 - root - INFO - init param, map: modality_encoders.AUDIO.context_encoder.blocks.3.norm2.bias from d2v_model.modality_encoders.AUDIO.context_encoder.blocks.3.norm2.bias in ckpt
2026-08-13 14:51:47 - root - INFO - init param, map: modality_encoders.AUDIO.context_encoder.blocks.3.mlp.fc1.weight from d2v_model.modality_encoders.AUDIO.context_encoder.blocks.3.mlp.fc1.weight in ckpt
2026-08-13 14:51:47 - root - INFO - init param, map: modality_encoders.AUDIO.context_encoder.blocks.3.mlp.fc1.bias from d2v_model.modality_encoders.AUDIO.context_encoder.blocks.3.mlp.fc1.bias in ckpt
2026-08-13 14:51:47 - root - INFO - init param, map: modality_encoders.AUDIO.context_encoder.blocks.3.mlp.fc2.weight from d2v_model.modality_encoders.AUDIO.context_encoder.blocks.3.mlp.fc2.weight in ckpt
2026-08-13 14:51:47 - root - INFO - init param, map: modality_encoders.AUDIO.context_encoder.blocks.3.mlp.fc2.bias from d2v_model.modality_encoders.AUDIO.context_encoder.blocks.3.mlp.fc2.bias in ckpt
2026-08-13 14:51:47 - root - INFO - init param, map: modality_encoders.AUDIO.context_encoder.norm.weight from d2v_model.modality_encoders.AUDIO.context_encoder.norm.weight in ckpt
2026-08-13 14:51:47 - root - INFO - init param, map: modality_encoders.AUDIO.context_encoder.norm.bias from d2v_model.modality_encoders.AUDIO.context_encoder.norm.bias in ckpt
2026-08-13 14:51:47 - root - INFO - init param, map: blocks.0.norm1.weight from d2v_model.blocks.0.norm1.weight in ckpt
2026-08-13 14:51:47 - root - INFO - init param, map: blocks.0.norm1.bias from d2v_model.blocks.0.norm1.bias in ckpt
2026-08-13 14:51:47 - root - INFO - init param, map: blocks.0.attn.qkv.weight from d2v_model.blocks.0.attn.qkv.weight in ckpt
2026-08-13 14:51:47 - root - INFO - init param, map: blocks.0.attn.qkv.bias from d2v_model.blocks.0.attn.qkv.bias in ckpt
2026-08-13 14:51:47 - root - INFO - init param, map: blocks.0.attn.proj.weight from d2v_model.blocks.0.attn.proj.weight in ckpt
2026-08-13 14:51:47 - root - INFO - init param, map: blocks.0.attn.proj.bias from d2v_model.blocks.0.attn.proj.bias in ckpt
2026-08-13 14:51:47 - root - INFO - init param, map: blocks.0.norm2.weight from d2v_model.blocks.0.norm2.weight in ckpt
2026-08-13 14:51:47 - root - INFO - init param, map: blocks.0.norm2.bias from d2v_model.blocks.0.norm2.bias in ckpt
2026-08-13 14:51:47 - root - INFO - init param, map: blocks.0.mlp.fc1.weight from d2v_model.blocks.0.mlp.fc1.weight in ckpt
2026-08-13 14:51:47 - root - INFO - init param, map: blocks.0.mlp.fc1.bias from d2v_model.blocks.0.mlp.fc1.bias in ckpt
2026-08-13 14:51:47 - root - INFO - init param, map: blocks.0.mlp.fc2.weight from d2v_model.blocks.0.mlp.fc2.weight in ckpt
2026-08-13 14:51:47 - root - INFO - init param, map: blocks.0.mlp.fc2.bias from d2v_model.blocks.0.mlp.fc2.bias in ckpt
2026-08-13 14:51:47 - root - INFO - init param, map: blocks.1.norm1.weight from d2v_model.blocks.1.norm1.weight in ckpt
2026-08-13 14:51:47 - root - INFO - init param, map: blocks.1.norm1.bias from d2v_model.blocks.1.norm1.bias in ckpt
2026-08-13 14:51:47 - root - INFO - init param, map: blocks.1.attn.qkv.weight from d2v_model.blocks.1.attn.qkv.weight in ckpt
2026-08-13 14:51:47 - root - INFO - init param, map: blocks.1.attn.qkv.bias from d2v_model.blocks.1.attn.qkv.bias in ckpt
2026-08-13 14:51:47 - root - INFO - init param, map: blocks.1.attn.proj.weight from d2v_model.blocks.1.attn.proj.weight in ckpt
2026-08-13 14:51:47 - root - INFO - init param, map: blocks.1.attn.proj.bias from d2v_model.blocks.1.attn.proj.bias in ckpt
2026-08-13 14:51:47 - root - INFO - init param, map: blocks.1.norm2.weight from d2v_model.blocks.1.norm2.weight in ckpt
2026-08-13 14:51:47 - root - INFO - init param, map: blocks.1.norm2.bias from d2v_model.blocks.1.norm2.bias in ckpt
2026-08-13 14:51:47 - root - INFO - init param, map: blocks.1.mlp.fc1.weight from d2v_model.blocks.1.mlp.fc1.weight in ckpt
2026-08-13 14:51:47 - root - INFO - init param, map: blocks.1.mlp.fc1.bias from d2v_model.blocks.1.mlp.fc1.bias in ckpt
2026-08-13 14:51:47 - root - INFO - init param, map: blocks.1.mlp.fc2.weight from d2v_model.blocks.1.mlp.fc2.weight in ckpt
2026-08-13 14:51:47 - root - INFO - init param, map: blocks.1.mlp.fc2.bias from d2v_model.blocks.1.mlp.fc2.bias in ckpt
2026-08-13 14:51:47 - root - INFO - init param, map: blocks.2.norm1.weight from d2v_model.blocks.2.norm1.weight in ckpt
2026-08-13 14:51:47 - root - INFO - init param, map: blocks.2.norm1.bias from d2v_model.blocks.2.norm1.bias in ckpt
2026-08-13 14:51:47 - root - INFO - init param, map: blocks.2.attn.qkv.weight from d2v_model.blocks.2.attn.qkv.weight in ckpt
2026-08-13 14:51:47 - root - INFO - init param, map: blocks.2.attn.qkv.bias from d2v_model.blocks.2.attn.qkv.bias in ckpt
2026-08-13 14:51:47 - root - INFO - init param, map: blocks.2.attn.proj.weight from d2v_model.blocks.2.attn.proj.weight in ckpt
2026-08-13 14:51:47 - root - INFO - init param, map: blocks.2.attn.proj.bias from d2v_model.blocks.2.attn.proj.bias in ckpt
2026-08-13 14:51:47 - root - INFO - init param, map: blocks.2.norm2.weight from d2v_model.blocks.2.norm2.weight in ckpt
2026-08-13 14:51:47 - root - INFO - init param, map: blocks.2.norm2.bias from d2v_model.blocks.2.norm2.bias in ckpt
2026-08-13 14:51:47 - root - INFO - init param, map: blocks.2.mlp.fc1.weight from d2v_model.blocks.2.mlp.fc1.weight in ckpt
2026-08-13 14:51:47 - root - INFO - init param, map: blocks.2.mlp.fc1.bias from d2v_model.blocks.2.mlp.fc1.bias in ckpt
2026-08-13 14:51:47 - root - INFO - init param, map: blocks.2.mlp.fc2.weight from d2v_model.blocks.2.mlp.fc2.weight in ckpt
2026-08-13 14:51:47 - root - INFO - init param, map: blocks.2.mlp.fc2.bias from d2v_model.blocks.2.mlp.fc2.bias in ckpt
2026-08-13 14:51:47 - root - INFO - init param, map: blocks.3.norm1.weight from d2v_model.blocks.3.norm1.weight in ckpt
2026-08-13 14:51:47 - root - INFO - init param, map: blocks.3.norm1.bias from d2v_model.blocks.3.norm1.bias in ckpt
2026-08-13 14:51:47 - root - INFO - init param, map: blocks.3.attn.qkv.weight from d2v_model.blocks.3.attn.qkv.weight in ckpt
2026-08-13 14:51:47 - root - INFO - init param, map: blocks.3.attn.qkv.bias from d2v_model.blocks.3.attn.qkv.bias in ckpt
2026-08-13 14:51:47 - root - INFO - init param, map: blocks.3.attn.proj.weight from d2v_model.blocks.3.attn.proj.weight in ckpt
2026-08-13 14:51:47 - root - INFO - init param, map: blocks.3.attn.proj.bias from d2v_model.blocks.3.attn.proj.bias in ckpt
2026-08-13 14:51:47 - root - INFO - init param, map: blocks.3.norm2.weight from d2v_model.blocks.3.norm2.weight in ckpt
2026-08-13 14:51:47 - root - INFO - init param, map: blocks.3.norm2.bias from d2v_model.blocks.3.norm2.bias in ckpt
2026-08-13 14:51:47 - root - INFO - init param, map: blocks.3.mlp.fc1.weight from d2v_model.blocks.3.mlp.fc1.weight in ckpt
2026-08-13 14:51:47 - root - INFO - init param, map: blocks.3.mlp.fc1.bias from d2v_model.blocks.3.mlp.fc1.bias in ckpt
2026-08-13 14:51:47 - root - INFO - init param, map: blocks.3.mlp.fc2.weight from d2v_model.blocks.3.mlp.fc2.weight in ckpt
2026-08-13 14:51:47 - root - INFO - init param, map: blocks.3.mlp.fc2.bias from d2v_model.blocks.3.mlp.fc2.bias in ckpt
2026-08-13 14:51:47 - root - INFO - init param, map: blocks.4.norm1.weight from d2v_model.blocks.4.norm1.weight in ckpt
2026-08-13 14:51:47 - root - INFO - init param, map: blocks.4.norm1.bias from d2v_model.blocks.4.norm1.bias in ckpt
2026-08-13 14:51:47 - root - INFO - init param, map: blocks.4.attn.qkv.weight from d2v_model.blocks.4.attn.qkv.weight in ckpt
2026-08-13 14:51:47 - root - INFO - init param, map: blocks.4.attn.qkv.bias from d2v_model.blocks.4.attn.qkv.bias in ckpt
2026-08-13 14:51:47 - root - INFO - init param, map: blocks.4.attn.proj.weight from d2v_model.blocks.4.attn.proj.weight in ckpt
2026-08-13 14:51:47 - root - INFO - init param, map: blocks.4.attn.proj.bias from d2v_model.blocks.4.attn.proj.bias in ckpt
2026-08-13 14:51:47 - root - INFO - init param, map: blocks.4.norm2.weight from d2v_model.blocks.4.norm2.weight in ckpt
2026-08-13 14:51:47 - root - INFO - init param, map: blocks.4.norm2.bias from d2v_model.blocks.4.norm2.bias in ckpt
2026-08-13 14:51:47 - root - INFO - init param, map: blocks.4.mlp.fc1.weight from d2v_model.blocks.4.mlp.fc1.weight in ckpt
2026-08-13 14:51:47 - root - INFO - init param, map: blocks.4.mlp.fc1.bias from d2v_model.blocks.4.mlp.fc1.bias in ckpt
2026-08-13 14:51:47 - root - INFO - init param, map: blocks.4.mlp.fc2.weight from d2v_model.blocks.4.mlp.fc2.weight in ckpt
2026-08-13 14:51:47 - root - INFO - init param, map: blocks.4.mlp.fc2.bias from d2v_model.blocks.4.mlp.fc2.bias in ckpt
2026-08-13 14:51:47 - root - INFO - init param, map: blocks.5.norm1.weight from d2v_model.blocks.5.norm1.weight in ckpt
2026-08-13 14:51:47 - root - INFO - init param, map: blocks.5.norm1.bias from d2v_model.blocks.5.norm1.bias in ckpt
2026-08-13 14:51:47 - root - INFO - init param, map: blocks.5.attn.qkv.weight from d2v_model.blocks.5.attn.qkv.weight in ckpt
2026-08-13 14:51:47 - root - INFO - init param, map: blocks.5.attn.qkv.bias from d2v_model.blocks.5.attn.qkv.bias in ckpt
2026-08-13 14:51:47 - root - INFO - init param, map: blocks.5.attn.proj.weight from d2v_model.blocks.5.attn.proj.weight in ckpt
2026-08-13 14:51:47 - root - INFO - init param, map: blocks.5.attn.proj.bias from d2v_model.blocks.5.attn.proj.bias in ckpt
2026-08-13 14:51:47 - root - INFO - init param, map: blocks.5.norm2.weight from d2v_model.blocks.5.norm2.weight in ckpt
2026-08-13 14:51:47 - root - INFO - init param, map: blocks.5.norm2.bias from d2v_model.blocks.5.norm2.bias in ckpt
2026-08-13 14:51:47 - root - INFO - init param, map: blocks.5.mlp.fc1.weight from d2v_model.blocks.5.mlp.fc1.weight in ckpt
2026-08-13 14:51:47 - root - INFO - init param, map: blocks.5.mlp.fc1.bias from d2v_model.blocks.5.mlp.fc1.bias in ckpt
2026-08-13 14:51:47 - root - INFO - init param, map: blocks.5.mlp.fc2.weight from d2v_model.blocks.5.mlp.fc2.weight in ckpt
2026-08-13 14:51:47 - root - INFO - init param, map: blocks.5.mlp.fc2.bias from d2v_model.blocks.5.mlp.fc2.bias in ckpt
2026-08-13 14:51:47 - root - INFO - init param, map: blocks.6.norm1.weight from d2v_model.blocks.6.norm1.weight in ckpt
2026-08-13 14:51:47 - root - INFO - init param, map: blocks.6.norm1.bias from d2v_model.blocks.6.norm1.bias in ckpt
2026-08-13 14:51:47 - root - INFO - init param, map: blocks.6.attn.qkv.weight from d2v_model.blocks.6.attn.qkv.weight in ckpt
2026-08-13 14:51:47 - root - INFO - init param, map: blocks.6.attn.qkv.bias from d2v_model.blocks.6.attn.qkv.bias in ckpt
2026-08-13 14:51:47 - root - INFO - init param, map: blocks.6.attn.proj.weight from d2v_model.blocks.6.attn.proj.weight in ckpt
2026-08-13 14:51:47 - root - INFO - init param, map: blocks.6.attn.proj.bias from d2v_model.blocks.6.attn.proj.bias in ckpt
2026-08-13 14:51:47 - root - INFO - init param, map: blocks.6.norm2.weight from d2v_model.blocks.6.norm2.weight in ckpt
2026-08-13 14:51:47 - root - INFO - init param, map: blocks.6.norm2.bias from d2v_model.blocks.6.norm2.bias in ckpt
2026-08-13 14:51:47 - root - INFO - init param, map: blocks.6.mlp.fc1.weight from d2v_model.blocks.6.mlp.fc1.weight in ckpt
2026-08-13 14:51:47 - root - INFO - init param, map: blocks.6.mlp.fc1.bias from d2v_model.blocks.6.mlp.fc1.bias in ckpt
2026-08-13 14:51:47 - root - INFO - init param, map: blocks.6.mlp.fc2.weight from d2v_model.blocks.6.mlp.fc2.weight in ckpt
2026-08-13 14:51:47 - root - INFO - init param, map: blocks.6.mlp.fc2.bias from d2v_model.blocks.6.mlp.fc2.bias in ckpt
2026-08-13 14:51:47 - root - INFO - init param, map: blocks.7.norm1.weight from d2v_model.blocks.7.norm1.weight in ckpt
2026-08-13 14:51:47 - root - INFO - init param, map: blocks.7.norm1.bias from d2v_model.blocks.7.norm1.bias in ckpt
2026-08-13 14:51:47 - root - INFO - init param, map: blocks.7.attn.qkv.weight from d2v_model.blocks.7.attn.qkv.weight in ckpt
2026-08-13 14:51:47 - root - INFO - init param, map: blocks.7.attn.qkv.bias from d2v_model.blocks.7.attn.qkv.bias in ckpt
2026-08-13 14:51:47 - root - INFO - init param, map: blocks.7.attn.proj.weight from d2v_model.blocks.7.attn.proj.weight in ckpt
2026-08-13 14:51:47 - root - INFO - init param, map: blocks.7.attn.proj.bias from d2v_model.blocks.7.attn.proj.bias in ckpt
2026-08-13 14:51:47 - root - INFO - init param, map: blocks.7.norm2.weight from d2v_model.blocks.7.norm2.weight in ckpt
2026-08-13 14:51:47 - root - INFO - init param, map: blocks.7.norm2.bias from d2v_model.blocks.7.norm2.bias in ckpt
2026-08-13 14:51:47 - root - INFO - init param, map: blocks.7.mlp.fc1.weight from d2v_model.blocks.7.mlp.fc1.weight in ckpt
2026-08-13 14:51:47 - root - INFO - init param, map: blocks.7.mlp.fc1.bias from d2v_model.blocks.7.mlp.fc1.bias in ckpt
2026-08-13 14:51:47 - root - INFO - init param, map: blocks.7.mlp.fc2.weight from d2v_model.blocks.7.mlp.fc2.weight in ckpt
2026-08-13 14:51:47 - root - INFO - init param, map: blocks.7.mlp.fc2.bias from d2v_model.blocks.7.mlp.fc2.bias in ckpt
2026-08-13 14:51:47 - root - INFO - Loading ckpt: C:\Users\Administrator\.cache\huggingface\hub\models--emotion2vec--emotion2vec_plus_seed\snapshots\7be9a30d52bdc793cc24e6f7d25358d6648927c1\model.pt, status: <All keys matched successfully>
2026-08-13 14:51:47 - httpx - INFO - HTTP Request: GET https://huggingface.co/api/models/Systran/faster-whisper-small/revision/main "HTTP/1.1 200 OK"
2026-08-13 14:51:51 - httpx - INFO - HTTP Request: HEAD https://huggingface.co/TuhinG/distilbert-goemotions/resolve/main/config.json "HTTP/1.1 307 Temporary Redirect"
2026-08-13 14:51:51 - httpx - INFO - HTTP Request: HEAD https://huggingface.co/api/resolve-cache/models/TuhinG/distilbert-goemotions/99ec431ef1d64e02e3428740cef20dd8d1752f87/config.json "HTTP/1.1 200 OK"
2026-08-13 14:51:51 - httpx - INFO - HTTP Request: HEAD https://huggingface.co/TuhinG/distilbert-goemotions/resolve/main/tokenizer_config.json "HTTP/1.1 307 Temporary Redirect"
2026-08-13 14:51:51 - httpx - INFO - HTTP Request: HEAD https://huggingface.co/api/resolve-cache/models/TuhinG/distilbert-goemotions/99ec431ef1d64e02e3428740cef20dd8d1752f87/tokenizer_config.json "HTTP/1.1 200 OK"
2026-08-13 14:51:51 - httpx - INFO - HTTP Request: HEAD https://huggingface.co/TuhinG/distilbert-goemotions/resolve/main/tokenizer_config.json "HTTP/1.1 307 Temporary Redirect"
2026-08-13 14:51:51 - httpx - INFO - HTTP Request: HEAD https://huggingface.co/api/resolve-cache/models/TuhinG/distilbert-goemotions/99ec431ef1d64e02e3428740cef20dd8d1752f87/tokenizer_config.json "HTTP/1.1 200 OK"
2026-08-13 14:51:51 - httpx - INFO - HTTP Request: GET https://huggingface.co/api/models/TuhinG/distilbert-goemotions/tree/main/additional_chat_templates?recursive=false&expand=false "HTTP/1.1 404 Not Found"
2026-08-13 14:51:52 - httpx - INFO - HTTP Request: GET https://huggingface.co/api/models/TuhinG/distilbert-goemotions/tree/main?recursive=true&expand=false "HTTP/1.1 200 OK"
2026-08-13 14:51:52 - httpx - INFO - HTTP Request: HEAD https://huggingface.co/TuhinG/distilbert-goemotions/resolve/main/config.json "HTTP/1.1 307 Temporary Redirect"
2026-08-13 14:51:52 - httpx - INFO - HTTP Request: HEAD https://huggingface.co/api/resolve-cache/models/TuhinG/distilbert-goemotions/99ec431ef1d64e02e3428740cef20dd8d1752f87/config.json "HTTP/1.1 200 OK"
2026-08-13 14:51:52 - server.services.bertServices - INFO - passing sentence This is a warmup sentence for the machine learning models through distilbert
2026-08-13 14:51:54 - server.services.bertServices - INFO - time for distilbert inference : 1.9208631999999852 seconds
2026-08-13 14:51:55 - server.services.emotionsServices - INFO - Time for emotion2vec inference : 1.058074900000065 seconds
2026-08-13 14:51:55 - faster_whisper - INFO - Processing audio with duration 00:08.533
2026-08-13 14:51:56 - faster_whisper - INFO - VAD filter removed 00:02.101 of audio
2026-08-13 14:51:58 - server.services.whisperServices - INFO - time for whisper inference : 3.377138200000445 seconds
2026-08-13 14:52:05 - server.services.bertServices - INFO - passing sentence  technical skills, behavioral questions, leadership, case studies, or a mix? through distilbert
2026-08-13 14:52:05 - server.services.bertServices - INFO - time for distilbert inference : 0.03522659999998723 seconds
2026-08-13 14:52:05 - server.services.bertServices - INFO - time for distilbert mapping : 0.00011919999997189734 seconds
2026-08-13 14:52:05 - server.services.bertServices - INFO - time for distilbert post processing : 0.002545999999711057 seconds
2026-08-13 14:52:05 - server.services.bertServices - INFO - passing sentence  What is your target seniority (junior, mid, senior, staff)? through distilbert
2026-08-13 14:52:05 - server.services.bertServices - INFO - time for distilbert inference : 0.042909400000098685 seconds
2026-08-13 14:52:05 - server.services.bertServices - INFO - time for distilbert mapping : 0.00010900000052060932 seconds
2026-08-13 14:52:05 - server.services.bertServices - INFO - time for distilbert post processing : 0.00011439999980211724 seconds
2026-08-13 14:52:14 - server.services.emotionsServices - ERROR - Error during emotion2vec inference : Calculated padded input size per channel: (0). Kernel size: (10). Kernel size can't be greater than actual input size
2026-08-13 14:52:14 - server.services.emotionsServices - INFO - Time for emotion2vec inference : 0.0351715000006152 seconds
2026-08-13 14:52:14 - faster_whisper - INFO - Processing audio with duration 00:01.765
2026-08-13 14:52:14 - faster_whisper - INFO - VAD filter removed 00:00.784 of audio
2026-08-13 14:52:17 - server.services.whisperServices - INFO - time for whisper inference : 2.8142158999999083 seconds
2026-08-13 14:52:17 - server.services.bertServices - INFO - passing sentence  Do you want a quick warm-up or dive straight into a technical question? through distilbert
2026-08-13 14:52:17 - server.services.bertServices - INFO - time for distilbert inference : 0.04740769999989425 seconds
2026-08-13 14:52:17 - server.services.bertServices - INFO - time for distilbert mapping : 0.00013070000022707973 seconds
2026-08-13 14:52:17 - server.services.bertServices - INFO - time for distilbert post processing : 0.00011720000020432053 seconds
2026-08-13 14:52:17 - server.services.bertServices - INFO - passing sentence  If you confirm, I’ll start with a representative question from your domain (e.g., for backend: through distilbert
2026-08-13 14:52:17 - server.services.bertServices - INFO - time for distilbert inference : 0.0432066000003033 seconds
2026-08-13 14:52:17 - server.services.bertServices - INFO - time for distilbert mapping : 0.00010709999969549244 seconds
2026-08-13 14:52:17 - server.services.bertServices - INFO - time for distilbert post processing : 8.720000005268957e-05 seconds
2026-08-13 14:52:24 - server.services.bertServices - INFO - passing sentence  design a scalable API to handle burst traffic and ensure idempotency). through distilbert
2026-08-13 14:52:24 - server.services.bertServices - INFO - time for distilbert inference : 0.04472509999959584 seconds
2026-08-13 14:52:24 - server.services.bertServices - INFO - time for distilbert mapping : 0.00011479999920993578 seconds
2026-08-13 14:52:24 - server.services.bertServices - INFO - time for distilbert post processing : 0.00011030000041500898 seconds
2026-08-13 14:52:44 - server.services.bertServices - INFO - passing sentence Hello. Shalom. through distilbert
2026-08-13 14:52:44 - server.services.bertServices - INFO - time for distilbert inference : 0.026980300000104762 seconds
2026-08-13 14:52:44 - server.services.bertServices - INFO - time for distilbert mapping : 0.00011139999969600467 seconds
2026-08-13 14:52:44 - server.services.bertServices - INFO - time for distilbert post processing : 0.00010469999961060239 seconds
2026-08-13 14:52:48 - server.services.bertServices - INFO - passing sentence  To tailor the interview, please specify a domain (backend/frontend/cloud/ML) and an emphasis (technical skills, behavioral questions, leadership, case studies) or a blend. through distilbert
2026-08-13 14:52:48 - server.services.bertServices - INFO - time for distilbert inference : 0.053069099999447644 seconds
2026-08-13 14:52:48 - server.services.bertServices - INFO - time for distilbert mapping : 0.00012140000035287812 seconds
2026-08-13 14:52:48 - server.services.bertServices - INFO - time for distilbert post processing : 0.00010589999965304742 seconds
2026-08-13 14:53:10 - server.services.bertServices - INFO - passing sentence  If you’re unsure, I can start with Backend—focusing on technical questions plus behavioral prompts for a mid-level role. through distilbert
2026-08-13 14:53:10 - server.services.bertServices - INFO - time for distilbert inference : 0.05064959999981511 seconds
2026-08-13 14:53:10 - server.services.bertServices - INFO - time for distilbert mapping : 0.0001306000003751251 seconds
2026-08-13 14:53:10 - server.services.bertServices - INFO - time for distilbert post processing : 0.0001038999998854706 seconds
2026-08-13 14:53:26 - server.services.bertServices - INFO - passing sentence  Also share your seniority and target role so I can adjust the questions. through distilbert
2026-08-13 14:53:26 - server.services.bertServices - INFO - time for distilbert inference : 0.03848699999980454 seconds
2026-08-13 14:53:26 - server.services.bertServices - INFO - time for distilbert mapping : 0.0001596000001882203 seconds
2026-08-13 14:53:26 - server.services.bertServices - INFO - time for distilbert post processing : 0.00024589999975432875 seconds
2026-08-13 14:53:35 - server.services.bertServices - INFO - passing sentence  How would you like to proceed? through distilbert
2026-08-13 14:53:35 - server.services.bertServices - INFO - time for distilbert inference : 0.029148200000236102 seconds
2026-08-13 14:53:35 - server.services.bertServices - INFO - time for distilbert mapping : 0.0001156999996965169 seconds
2026-08-13 14:53:35 - server.services.bertServices - INFO - time for distilbert post processing : 0.00022110000008979114 seconds
2026-08-13 14:55:17 - __main__ - INFO - Windows Server shutting down ...
