2026-08-28 14:26:58 - __main__ - INFO - Device used is cuda
2026-08-28 14:26:58 - root - INFO - download models from model hub: hf
2026-08-28 14:26:58 - root - WARNING - trust_remote_code: False
2026-08-28 14:26:59 - root - INFO - Loading pretrained params from C:\Users\Administrator\.cache\huggingface\hub\models--emotion2vec--emotion2vec_plus_seed\snapshots\7be9a30d52bdc793cc24e6f7d25358d6648927c1\model.pt
2026-08-28 14:26:59 - root - INFO - ckpt: C:\Users\Administrator\.cache\huggingface\hub\models--emotion2vec--emotion2vec_plus_seed\snapshots\7be9a30d52bdc793cc24e6f7d25358d6648927c1\model.pt
2026-08-28 14:27:00 - root - INFO - scope_map: ['d2v_model.', 'none', 'module.', 'None']
2026-08-28 14:27:00 - root - INFO - excludes: None
2026-08-28 14:27:00 - root - INFO - init param, map: modality_encoders.AUDIO.extra_tokens from d2v_model.modality_encoders.AUDIO.extra_tokens in ckpt
2026-08-28 14:27:00 - root - INFO - init param, map: modality_encoders.AUDIO.alibi_scale from d2v_model.modality_encoders.AUDIO.alibi_scale in ckpt
2026-08-28 14:27:00 - root - INFO - init param, map: modality_encoders.AUDIO.local_encoder.conv_layers.0.0.weight from d2v_model.modality_encoders.AUDIO.local_encoder.conv_layers.0.0.weight in ckpt
2026-08-28 14:27:00 - root - INFO - init param, map: modality_encoders.AUDIO.local_encoder.conv_layers.0.2.1.weight from d2v_model.modality_encoders.AUDIO.local_encoder.conv_layers.0.2.1.weight in ckpt
2026-08-28 14:27:00 - root - INFO - init param, map: modality_encoders.AUDIO.local_encoder.conv_layers.0.2.1.bias from d2v_model.modality_encoders.AUDIO.local_encoder.conv_layers.0.2.1.bias in ckpt
2026-08-28 14:27:00 - root - INFO - init param, map: modality_encoders.AUDIO.local_encoder.conv_layers.1.0.weight from d2v_model.modality_encoders.AUDIO.local_encoder.conv_layers.1.0.weight in ckpt
2026-08-28 14:27:00 - root - INFO - init param, map: modality_encoders.AUDIO.local_encoder.conv_layers.1.2.1.weight from d2v_model.modality_encoders.AUDIO.local_encoder.conv_layers.1.2.1.weight in ckpt
2026-08-28 14:27:00 - root - INFO - init param, map: modality_encoders.AUDIO.local_encoder.conv_layers.1.2.1.bias from d2v_model.modality_encoders.AUDIO.local_encoder.conv_layers.1.2.1.bias in ckpt
2026-08-28 14:27:00 - root - INFO - init param, map: modality_encoders.AUDIO.local_encoder.conv_layers.2.0.weight from d2v_model.modality_encoders.AUDIO.local_encoder.conv_layers.2.0.weight in ckpt
2026-08-28 14:27:00 - root - INFO - init param, map: modality_encoders.AUDIO.local_encoder.conv_layers.2.2.1.weight from d2v_model.modality_encoders.AUDIO.local_encoder.conv_layers.2.2.1.weight in ckpt
2026-08-28 14:27:00 - root - INFO - init param, map: modality_encoders.AUDIO.local_encoder.conv_layers.2.2.1.bias from d2v_model.modality_encoders.AUDIO.local_encoder.conv_layers.2.2.1.bias in ckpt
2026-08-28 14:27:00 - root - INFO - init param, map: modality_encoders.AUDIO.local_encoder.conv_layers.3.0.weight from d2v_model.modality_encoders.AUDIO.local_encoder.conv_layers.3.0.weight in ckpt
2026-08-28 14:27:00 - root - INFO - init param, map: modality_encoders.AUDIO.local_encoder.conv_layers.3.2.1.weight from d2v_model.modality_encoders.AUDIO.local_encoder.conv_layers.3.2.1.weight in ckpt
2026-08-28 14:27:00 - root - INFO - init param, map: modality_encoders.AUDIO.local_encoder.conv_layers.3.2.1.bias from d2v_model.modality_encoders.AUDIO.local_encoder.conv_layers.3.2.1.bias in ckpt
2026-08-28 14:27:00 - root - INFO - init param, map: modality_encoders.AUDIO.local_encoder.conv_layers.4.0.weight from d2v_model.modality_encoders.AUDIO.local_encoder.conv_layers.4.0.weight in ckpt
2026-08-28 14:27:00 - root - INFO - init param, map: modality_encoders.AUDIO.local_encoder.conv_layers.4.2.1.weight from d2v_model.modality_encoders.AUDIO.local_encoder.conv_layers.4.2.1.weight in ckpt
2026-08-28 14:27:00 - root - INFO - init param, map: modality_encoders.AUDIO.local_encoder.conv_layers.4.2.1.bias from d2v_model.modality_encoders.AUDIO.local_encoder.conv_layers.4.2.1.bias in ckpt
2026-08-28 14:27:00 - root - INFO - init param, map: modality_encoders.AUDIO.local_encoder.conv_layers.5.0.weight from d2v_model.modality_encoders.AUDIO.local_encoder.conv_layers.5.0.weight in ckpt
2026-08-28 14:27:00 - root - INFO - init param, map: modality_encoders.AUDIO.local_encoder.conv_layers.5.2.1.weight from d2v_model.modality_encoders.AUDIO.local_encoder.conv_layers.5.2.1.weight in ckpt
2026-08-28 14:27:00 - root - INFO - init param, map: modality_encoders.AUDIO.local_encoder.conv_layers.5.2.1.bias from d2v_model.modality_encoders.AUDIO.local_encoder.conv_layers.5.2.1.bias in ckpt
2026-08-28 14:27:00 - root - INFO - init param, map: modality_encoders.AUDIO.local_encoder.conv_layers.6.0.weight from d2v_model.modality_encoders.AUDIO.local_encoder.conv_layers.6.0.weight in ckpt
2026-08-28 14:27:00 - root - INFO - init param, map: modality_encoders.AUDIO.local_encoder.conv_layers.6.2.1.weight from d2v_model.modality_encoders.AUDIO.local_encoder.conv_layers.6.2.1.weight in ckpt
2026-08-28 14:27:00 - root - INFO - init param, map: modality_encoders.AUDIO.local_encoder.conv_layers.6.2.1.bias from d2v_model.modality_encoders.AUDIO.local_encoder.conv_layers.6.2.1.bias in ckpt
2026-08-28 14:27:00 - root - INFO - init param, map: modality_encoders.AUDIO.project_features.1.weight from d2v_model.modality_encoders.AUDIO.project_features.1.weight in ckpt
2026-08-28 14:27:00 - root - INFO - init param, map: modality_encoders.AUDIO.project_features.1.bias from d2v_model.modality_encoders.AUDIO.project_features.1.bias in ckpt
2026-08-28 14:27:00 - root - INFO - init param, map: modality_encoders.AUDIO.project_features.2.weight from d2v_model.modality_encoders.AUDIO.project_features.2.weight in ckpt
2026-08-28 14:27:00 - root - INFO - init param, map: modality_encoders.AUDIO.project_features.2.bias from d2v_model.modality_encoders.AUDIO.project_features.2.bias in ckpt
2026-08-28 14:27:00 - root - INFO - init param, map: modality_encoders.AUDIO.relative_positional_encoder.1.0.weight from d2v_model.modality_encoders.AUDIO.relative_positional_encoder.1.0.weight in ckpt
2026-08-28 14:27:00 - root - INFO - init param, map: modality_encoders.AUDIO.relative_positional_encoder.1.0.bias from d2v_model.modality_encoders.AUDIO.relative_positional_encoder.1.0.bias in ckpt
2026-08-28 14:27:00 - root - INFO - init param, map: modality_encoders.AUDIO.relative_positional_encoder.2.0.weight from d2v_model.modality_encoders.AUDIO.relative_positional_encoder.2.0.weight in ckpt
2026-08-28 14:27:00 - root - INFO - init param, map: modality_encoders.AUDIO.relative_positional_encoder.2.0.bias from d2v_model.modality_encoders.AUDIO.relative_positional_encoder.2.0.bias in ckpt
2026-08-28 14:27:00 - root - INFO - init param, map: modality_encoders.AUDIO.relative_positional_encoder.3.0.weight from d2v_model.modality_encoders.AUDIO.relative_positional_encoder.3.0.weight in ckpt
2026-08-28 14:27:00 - root - INFO - init param, map: modality_encoders.AUDIO.relative_positional_encoder.3.0.bias from d2v_model.modality_encoders.AUDIO.relative_positional_encoder.3.0.bias in ckpt
2026-08-28 14:27:00 - root - INFO - init param, map: modality_encoders.AUDIO.relative_positional_encoder.4.0.weight from d2v_model.modality_encoders.AUDIO.relative_positional_encoder.4.0.weight in ckpt
2026-08-28 14:27:00 - root - INFO - init param, map: modality_encoders.AUDIO.relative_positional_encoder.4.0.bias from d2v_model.modality_encoders.AUDIO.relative_positional_encoder.4.0.bias in ckpt
2026-08-28 14:27:00 - root - INFO - init param, map: modality_encoders.AUDIO.relative_positional_encoder.5.0.weight from d2v_model.modality_encoders.AUDIO.relative_positional_encoder.5.0.weight in ckpt
2026-08-28 14:27:00 - root - INFO - init param, map: modality_encoders.AUDIO.relative_positional_encoder.5.0.bias from d2v_model.modality_encoders.AUDIO.relative_positional_encoder.5.0.bias in ckpt
2026-08-28 14:27:00 - root - INFO - init param, map: modality_encoders.AUDIO.context_encoder.blocks.0.norm1.weight from d2v_model.modality_encoders.AUDIO.context_encoder.blocks.0.norm1.weight in ckpt
2026-08-28 14:27:00 - root - INFO - init param, map: modality_encoders.AUDIO.context_encoder.blocks.0.norm1.bias from d2v_model.modality_encoders.AUDIO.context_encoder.blocks.0.norm1.bias in ckpt
2026-08-28 14:27:00 - root - INFO - init param, map: modality_encoders.AUDIO.context_encoder.blocks.0.attn.qkv.weight from d2v_model.modality_encoders.AUDIO.context_encoder.blocks.0.attn.qkv.weight in ckpt
2026-08-28 14:27:00 - root - INFO - init param, map: modality_encoders.AUDIO.context_encoder.blocks.0.attn.qkv.bias from d2v_model.modality_encoders.AUDIO.context_encoder.blocks.0.attn.qkv.bias in ckpt
2026-08-28 14:27:00 - root - INFO - init param, map: modality_encoders.AUDIO.context_encoder.blocks.0.attn.proj.weight from d2v_model.modality_encoders.AUDIO.context_encoder.blocks.0.attn.proj.weight in ckpt
2026-08-28 14:27:00 - root - INFO - init param, map: modality_encoders.AUDIO.context_encoder.blocks.0.attn.proj.bias from d2v_model.modality_encoders.AUDIO.context_encoder.blocks.0.attn.proj.bias in ckpt
2026-08-28 14:27:00 - root - INFO - init param, map: modality_encoders.AUDIO.context_encoder.blocks.0.norm2.weight from d2v_model.modality_encoders.AUDIO.context_encoder.blocks.0.norm2.weight in ckpt
2026-08-28 14:27:00 - root - INFO - init param, map: modality_encoders.AUDIO.context_encoder.blocks.0.norm2.bias from d2v_model.modality_encoders.AUDIO.context_encoder.blocks.0.norm2.bias in ckpt
2026-08-28 14:27:00 - root - INFO - init param, map: modality_encoders.AUDIO.context_encoder.blocks.0.mlp.fc1.weight from d2v_model.modality_encoders.AUDIO.context_encoder.blocks.0.mlp.fc1.weight in ckpt
2026-08-28 14:27:00 - root - INFO - init param, map: modality_encoders.AUDIO.context_encoder.blocks.0.mlp.fc1.bias from d2v_model.modality_encoders.AUDIO.context_encoder.blocks.0.mlp.fc1.bias in ckpt
2026-08-28 14:27:00 - root - INFO - init param, map: modality_encoders.AUDIO.context_encoder.blocks.0.mlp.fc2.weight from d2v_model.modality_encoders.AUDIO.context_encoder.blocks.0.mlp.fc2.weight in ckpt
2026-08-28 14:27:00 - root - INFO - init param, map: modality_encoders.AUDIO.context_encoder.blocks.0.mlp.fc2.bias from d2v_model.modality_encoders.AUDIO.context_encoder.blocks.0.mlp.fc2.bias in ckpt
2026-08-28 14:27:00 - root - INFO - init param, map: modality_encoders.AUDIO.context_encoder.blocks.1.norm1.weight from d2v_model.modality_encoders.AUDIO.context_encoder.blocks.1.norm1.weight in ckpt
2026-08-28 14:27:00 - root - INFO - init param, map: modality_encoders.AUDIO.context_encoder.blocks.1.norm1.bias from d2v_model.modality_encoders.AUDIO.context_encoder.blocks.1.norm1.bias in ckpt
2026-08-28 14:27:00 - root - INFO - init param, map: modality_encoders.AUDIO.context_encoder.blocks.1.attn.qkv.weight from d2v_model.modality_encoders.AUDIO.context_encoder.blocks.1.attn.qkv.weight in ckpt
2026-08-28 14:27:00 - root - INFO - init param, map: modality_encoders.AUDIO.context_encoder.blocks.1.attn.qkv.bias from d2v_model.modality_encoders.AUDIO.context_encoder.blocks.1.attn.qkv.bias in ckpt
2026-08-28 14:27:00 - root - INFO - init param, map: modality_encoders.AUDIO.context_encoder.blocks.1.attn.proj.weight from d2v_model.modality_encoders.AUDIO.context_encoder.blocks.1.attn.proj.weight in ckpt
2026-08-28 14:27:00 - root - INFO - init param, map: modality_encoders.AUDIO.context_encoder.blocks.1.attn.proj.bias from d2v_model.modality_encoders.AUDIO.context_encoder.blocks.1.attn.proj.bias in ckpt
2026-08-28 14:27:00 - root - INFO - init param, map: modality_encoders.AUDIO.context_encoder.blocks.1.norm2.weight from d2v_model.modality_encoders.AUDIO.context_encoder.blocks.1.norm2.weight in ckpt
2026-08-28 14:27:00 - root - INFO - init param, map: modality_encoders.AUDIO.context_encoder.blocks.1.norm2.bias from d2v_model.modality_encoders.AUDIO.context_encoder.blocks.1.norm2.bias in ckpt
2026-08-28 14:27:00 - root - INFO - init param, map: modality_encoders.AUDIO.context_encoder.blocks.1.mlp.fc1.weight from d2v_model.modality_encoders.AUDIO.context_encoder.blocks.1.mlp.fc1.weight in ckpt
2026-08-28 14:27:00 - root - INFO - init param, map: modality_encoders.AUDIO.context_encoder.blocks.1.mlp.fc1.bias from d2v_model.modality_encoders.AUDIO.context_encoder.blocks.1.mlp.fc1.bias in ckpt
2026-08-28 14:27:00 - root - INFO - init param, map: modality_encoders.AUDIO.context_encoder.blocks.1.mlp.fc2.weight from d2v_model.modality_encoders.AUDIO.context_encoder.blocks.1.mlp.fc2.weight in ckpt
2026-08-28 14:27:00 - root - INFO - init param, map: modality_encoders.AUDIO.context_encoder.blocks.1.mlp.fc2.bias from d2v_model.modality_encoders.AUDIO.context_encoder.blocks.1.mlp.fc2.bias in ckpt
2026-08-28 14:27:00 - root - INFO - init param, map: modality_encoders.AUDIO.context_encoder.blocks.2.norm1.weight from d2v_model.modality_encoders.AUDIO.context_encoder.blocks.2.norm1.weight in ckpt
2026-08-28 14:27:00 - root - INFO - init param, map: modality_encoders.AUDIO.context_encoder.blocks.2.norm1.bias from d2v_model.modality_encoders.AUDIO.context_encoder.blocks.2.norm1.bias in ckpt
2026-08-28 14:27:00 - root - INFO - init param, map: modality_encoders.AUDIO.context_encoder.blocks.2.attn.qkv.weight from d2v_model.modality_encoders.AUDIO.context_encoder.blocks.2.attn.qkv.weight in ckpt
2026-08-28 14:27:00 - root - INFO - init param, map: modality_encoders.AUDIO.context_encoder.blocks.2.attn.qkv.bias from d2v_model.modality_encoders.AUDIO.context_encoder.blocks.2.attn.qkv.bias in ckpt
2026-08-28 14:27:00 - root - INFO - init param, map: modality_encoders.AUDIO.context_encoder.blocks.2.attn.proj.weight from d2v_model.modality_encoders.AUDIO.context_encoder.blocks.2.attn.proj.weight in ckpt
2026-08-28 14:27:00 - root - INFO - init param, map: modality_encoders.AUDIO.context_encoder.blocks.2.attn.proj.bias from d2v_model.modality_encoders.AUDIO.context_encoder.blocks.2.attn.proj.bias in ckpt
2026-08-28 14:27:00 - root - INFO - init param, map: modality_encoders.AUDIO.context_encoder.blocks.2.norm2.weight from d2v_model.modality_encoders.AUDIO.context_encoder.blocks.2.norm2.weight in ckpt
2026-08-28 14:27:00 - root - INFO - init param, map: modality_encoders.AUDIO.context_encoder.blocks.2.norm2.bias from d2v_model.modality_encoders.AUDIO.context_encoder.blocks.2.norm2.bias in ckpt
2026-08-28 14:27:00 - root - INFO - init param, map: modality_encoders.AUDIO.context_encoder.blocks.2.mlp.fc1.weight from d2v_model.modality_encoders.AUDIO.context_encoder.blocks.2.mlp.fc1.weight in ckpt
2026-08-28 14:27:00 - root - INFO - init param, map: modality_encoders.AUDIO.context_encoder.blocks.2.mlp.fc1.bias from d2v_model.modality_encoders.AUDIO.context_encoder.blocks.2.mlp.fc1.bias in ckpt
2026-08-28 14:27:00 - root - INFO - init param, map: modality_encoders.AUDIO.context_encoder.blocks.2.mlp.fc2.weight from d2v_model.modality_encoders.AUDIO.context_encoder.blocks.2.mlp.fc2.weight in ckpt
2026-08-28 14:27:00 - root - INFO - init param, map: modality_encoders.AUDIO.context_encoder.blocks.2.mlp.fc2.bias from d2v_model.modality_encoders.AUDIO.context_encoder.blocks.2.mlp.fc2.bias in ckpt
2026-08-28 14:27:00 - root - INFO - init param, map: modality_encoders.AUDIO.context_encoder.blocks.3.norm1.weight from d2v_model.modality_encoders.AUDIO.context_encoder.blocks.3.norm1.weight in ckpt
2026-08-28 14:27:00 - root - INFO - init param, map: modality_encoders.AUDIO.context_encoder.blocks.3.norm1.bias from d2v_model.modality_encoders.AUDIO.context_encoder.blocks.3.norm1.bias in ckpt
2026-08-28 14:27:00 - root - INFO - init param, map: modality_encoders.AUDIO.context_encoder.blocks.3.attn.qkv.weight from d2v_model.modality_encoders.AUDIO.context_encoder.blocks.3.attn.qkv.weight in ckpt
2026-08-28 14:27:00 - root - INFO - init param, map: modality_encoders.AUDIO.context_encoder.blocks.3.attn.qkv.bias from d2v_model.modality_encoders.AUDIO.context_encoder.blocks.3.attn.qkv.bias in ckpt
2026-08-28 14:27:00 - root - INFO - init param, map: modality_encoders.AUDIO.context_encoder.blocks.3.attn.proj.weight from d2v_model.modality_encoders.AUDIO.context_encoder.blocks.3.attn.proj.weight in ckpt
2026-08-28 14:27:00 - root - INFO - init param, map: modality_encoders.AUDIO.context_encoder.blocks.3.attn.proj.bias from d2v_model.modality_encoders.AUDIO.context_encoder.blocks.3.attn.proj.bias in ckpt
2026-08-28 14:27:00 - root - INFO - init param, map: modality_encoders.AUDIO.context_encoder.blocks.3.norm2.weight from d2v_model.modality_encoders.AUDIO.context_encoder.blocks.3.norm2.weight in ckpt
2026-08-28 14:27:00 - root - INFO - init param, map: modality_encoders.AUDIO.context_encoder.blocks.3.norm2.bias from d2v_model.modality_encoders.AUDIO.context_encoder.blocks.3.norm2.bias in ckpt
2026-08-28 14:27:00 - root - INFO - init param, map: modality_encoders.AUDIO.context_encoder.blocks.3.mlp.fc1.weight from d2v_model.modality_encoders.AUDIO.context_encoder.blocks.3.mlp.fc1.weight in ckpt
2026-08-28 14:27:00 - root - INFO - init param, map: modality_encoders.AUDIO.context_encoder.blocks.3.mlp.fc1.bias from d2v_model.modality_encoders.AUDIO.context_encoder.blocks.3.mlp.fc1.bias in ckpt
2026-08-28 14:27:00 - root - INFO - init param, map: modality_encoders.AUDIO.context_encoder.blocks.3.mlp.fc2.weight from d2v_model.modality_encoders.AUDIO.context_encoder.blocks.3.mlp.fc2.weight in ckpt
2026-08-28 14:27:00 - root - INFO - init param, map: modality_encoders.AUDIO.context_encoder.blocks.3.mlp.fc2.bias from d2v_model.modality_encoders.AUDIO.context_encoder.blocks.3.mlp.fc2.bias in ckpt
2026-08-28 14:27:00 - root - INFO - init param, map: modality_encoders.AUDIO.context_encoder.norm.weight from d2v_model.modality_encoders.AUDIO.context_encoder.norm.weight in ckpt
2026-08-28 14:27:00 - root - INFO - init param, map: modality_encoders.AUDIO.context_encoder.norm.bias from d2v_model.modality_encoders.AUDIO.context_encoder.norm.bias in ckpt
2026-08-28 14:27:00 - root - INFO - init param, map: blocks.0.norm1.weight from d2v_model.blocks.0.norm1.weight in ckpt
2026-08-28 14:27:00 - root - INFO - init param, map: blocks.0.norm1.bias from d2v_model.blocks.0.norm1.bias in ckpt
2026-08-28 14:27:00 - root - INFO - init param, map: blocks.0.attn.qkv.weight from d2v_model.blocks.0.attn.qkv.weight in ckpt
2026-08-28 14:27:00 - root - INFO - init param, map: blocks.0.attn.qkv.bias from d2v_model.blocks.0.attn.qkv.bias in ckpt
2026-08-28 14:27:00 - root - INFO - init param, map: blocks.0.attn.proj.weight from d2v_model.blocks.0.attn.proj.weight in ckpt
2026-08-28 14:27:00 - root - INFO - init param, map: blocks.0.attn.proj.bias from d2v_model.blocks.0.attn.proj.bias in ckpt
2026-08-28 14:27:00 - root - INFO - init param, map: blocks.0.norm2.weight from d2v_model.blocks.0.norm2.weight in ckpt
2026-08-28 14:27:00 - root - INFO - init param, map: blocks.0.norm2.bias from d2v_model.blocks.0.norm2.bias in ckpt
2026-08-28 14:27:00 - root - INFO - init param, map: blocks.0.mlp.fc1.weight from d2v_model.blocks.0.mlp.fc1.weight in ckpt
2026-08-28 14:27:00 - root - INFO - init param, map: blocks.0.mlp.fc1.bias from d2v_model.blocks.0.mlp.fc1.bias in ckpt
2026-08-28 14:27:00 - root - INFO - init param, map: blocks.0.mlp.fc2.weight from d2v_model.blocks.0.mlp.fc2.weight in ckpt
2026-08-28 14:27:00 - root - INFO - init param, map: blocks.0.mlp.fc2.bias from d2v_model.blocks.0.mlp.fc2.bias in ckpt
2026-08-28 14:27:00 - root - INFO - init param, map: blocks.1.norm1.weight from d2v_model.blocks.1.norm1.weight in ckpt
2026-08-28 14:27:00 - root - INFO - init param, map: blocks.1.norm1.bias from d2v_model.blocks.1.norm1.bias in ckpt
2026-08-28 14:27:00 - root - INFO - init param, map: blocks.1.attn.qkv.weight from d2v_model.blocks.1.attn.qkv.weight in ckpt
2026-08-28 14:27:00 - root - INFO - init param, map: blocks.1.attn.qkv.bias from d2v_model.blocks.1.attn.qkv.bias in ckpt
2026-08-28 14:27:00 - root - INFO - init param, map: blocks.1.attn.proj.weight from d2v_model.blocks.1.attn.proj.weight in ckpt
2026-08-28 14:27:00 - root - INFO - init param, map: blocks.1.attn.proj.bias from d2v_model.blocks.1.attn.proj.bias in ckpt
2026-08-28 14:27:00 - root - INFO - init param, map: blocks.1.norm2.weight from d2v_model.blocks.1.norm2.weight in ckpt
2026-08-28 14:27:00 - root - INFO - init param, map: blocks.1.norm2.bias from d2v_model.blocks.1.norm2.bias in ckpt
2026-08-28 14:27:00 - root - INFO - init param, map: blocks.1.mlp.fc1.weight from d2v_model.blocks.1.mlp.fc1.weight in ckpt
2026-08-28 14:27:00 - root - INFO - init param, map: blocks.1.mlp.fc1.bias from d2v_model.blocks.1.mlp.fc1.bias in ckpt
2026-08-28 14:27:00 - root - INFO - init param, map: blocks.1.mlp.fc2.weight from d2v_model.blocks.1.mlp.fc2.weight in ckpt
2026-08-28 14:27:00 - root - INFO - init param, map: blocks.1.mlp.fc2.bias from d2v_model.blocks.1.mlp.fc2.bias in ckpt
2026-08-28 14:27:00 - root - INFO - init param, map: blocks.2.norm1.weight from d2v_model.blocks.2.norm1.weight in ckpt
2026-08-28 14:27:00 - root - INFO - init param, map: blocks.2.norm1.bias from d2v_model.blocks.2.norm1.bias in ckpt
2026-08-28 14:27:00 - root - INFO - init param, map: blocks.2.attn.qkv.weight from d2v_model.blocks.2.attn.qkv.weight in ckpt
2026-08-28 14:27:00 - root - INFO - init param, map: blocks.2.attn.qkv.bias from d2v_model.blocks.2.attn.qkv.bias in ckpt
2026-08-28 14:27:00 - root - INFO - init param, map: blocks.2.attn.proj.weight from d2v_model.blocks.2.attn.proj.weight in ckpt
2026-08-28 14:27:00 - root - INFO - init param, map: blocks.2.attn.proj.bias from d2v_model.blocks.2.attn.proj.bias in ckpt
2026-08-28 14:27:00 - root - INFO - init param, map: blocks.2.norm2.weight from d2v_model.blocks.2.norm2.weight in ckpt
2026-08-28 14:27:00 - root - INFO - init param, map: blocks.2.norm2.bias from d2v_model.blocks.2.norm2.bias in ckpt
2026-08-28 14:27:00 - root - INFO - init param, map: blocks.2.mlp.fc1.weight from d2v_model.blocks.2.mlp.fc1.weight in ckpt
2026-08-28 14:27:00 - root - INFO - init param, map: blocks.2.mlp.fc1.bias from d2v_model.blocks.2.mlp.fc1.bias in ckpt
2026-08-28 14:27:00 - root - INFO - init param, map: blocks.2.mlp.fc2.weight from d2v_model.blocks.2.mlp.fc2.weight in ckpt
2026-08-28 14:27:00 - root - INFO - init param, map: blocks.2.mlp.fc2.bias from d2v_model.blocks.2.mlp.fc2.bias in ckpt
2026-08-28 14:27:00 - root - INFO - init param, map: blocks.3.norm1.weight from d2v_model.blocks.3.norm1.weight in ckpt
2026-08-28 14:27:00 - root - INFO - init param, map: blocks.3.norm1.bias from d2v_model.blocks.3.norm1.bias in ckpt
2026-08-28 14:27:00 - root - INFO - init param, map: blocks.3.attn.qkv.weight from d2v_model.blocks.3.attn.qkv.weight in ckpt
2026-08-28 14:27:00 - root - INFO - init param, map: blocks.3.attn.qkv.bias from d2v_model.blocks.3.attn.qkv.bias in ckpt
2026-08-28 14:27:00 - root - INFO - init param, map: blocks.3.attn.proj.weight from d2v_model.blocks.3.attn.proj.weight in ckpt
2026-08-28 14:27:00 - root - INFO - init param, map: blocks.3.attn.proj.bias from d2v_model.blocks.3.attn.proj.bias in ckpt
2026-08-28 14:27:00 - root - INFO - init param, map: blocks.3.norm2.weight from d2v_model.blocks.3.norm2.weight in ckpt
2026-08-28 14:27:00 - root - INFO - init param, map: blocks.3.norm2.bias from d2v_model.blocks.3.norm2.bias in ckpt
2026-08-28 14:27:00 - root - INFO - init param, map: blocks.3.mlp.fc1.weight from d2v_model.blocks.3.mlp.fc1.weight in ckpt
2026-08-28 14:27:00 - root - INFO - init param, map: blocks.3.mlp.fc1.bias from d2v_model.blocks.3.mlp.fc1.bias in ckpt
2026-08-28 14:27:00 - root - INFO - init param, map: blocks.3.mlp.fc2.weight from d2v_model.blocks.3.mlp.fc2.weight in ckpt
2026-08-28 14:27:00 - root - INFO - init param, map: blocks.3.mlp.fc2.bias from d2v_model.blocks.3.mlp.fc2.bias in ckpt
2026-08-28 14:27:00 - root - INFO - init param, map: blocks.4.norm1.weight from d2v_model.blocks.4.norm1.weight in ckpt
2026-08-28 14:27:00 - root - INFO - init param, map: blocks.4.norm1.bias from d2v_model.blocks.4.norm1.bias in ckpt
2026-08-28 14:27:00 - root - INFO - init param, map: blocks.4.attn.qkv.weight from d2v_model.blocks.4.attn.qkv.weight in ckpt
2026-08-28 14:27:00 - root - INFO - init param, map: blocks.4.attn.qkv.bias from d2v_model.blocks.4.attn.qkv.bias in ckpt
2026-08-28 14:27:00 - root - INFO - init param, map: blocks.4.attn.proj.weight from d2v_model.blocks.4.attn.proj.weight in ckpt
2026-08-28 14:27:00 - root - INFO - init param, map: blocks.4.attn.proj.bias from d2v_model.blocks.4.attn.proj.bias in ckpt
2026-08-28 14:27:00 - root - INFO - init param, map: blocks.4.norm2.weight from d2v_model.blocks.4.norm2.weight in ckpt
2026-08-28 14:27:00 - root - INFO - init param, map: blocks.4.norm2.bias from d2v_model.blocks.4.norm2.bias in ckpt
2026-08-28 14:27:00 - root - INFO - init param, map: blocks.4.mlp.fc1.weight from d2v_model.blocks.4.mlp.fc1.weight in ckpt
2026-08-28 14:27:00 - root - INFO - init param, map: blocks.4.mlp.fc1.bias from d2v_model.blocks.4.mlp.fc1.bias in ckpt
2026-08-28 14:27:00 - root - INFO - init param, map: blocks.4.mlp.fc2.weight from d2v_model.blocks.4.mlp.fc2.weight in ckpt
2026-08-28 14:27:00 - root - INFO - init param, map: blocks.4.mlp.fc2.bias from d2v_model.blocks.4.mlp.fc2.bias in ckpt
2026-08-28 14:27:00 - root - INFO - init param, map: blocks.5.norm1.weight from d2v_model.blocks.5.norm1.weight in ckpt
2026-08-28 14:27:00 - root - INFO - init param, map: blocks.5.norm1.bias from d2v_model.blocks.5.norm1.bias in ckpt
2026-08-28 14:27:00 - root - INFO - init param, map: blocks.5.attn.qkv.weight from d2v_model.blocks.5.attn.qkv.weight in ckpt
2026-08-28 14:27:00 - root - INFO - init param, map: blocks.5.attn.qkv.bias from d2v_model.blocks.5.attn.qkv.bias in ckpt
2026-08-28 14:27:00 - root - INFO - init param, map: blocks.5.attn.proj.weight from d2v_model.blocks.5.attn.proj.weight in ckpt
2026-08-28 14:27:00 - root - INFO - init param, map: blocks.5.attn.proj.bias from d2v_model.blocks.5.attn.proj.bias in ckpt
2026-08-28 14:27:00 - root - INFO - init param, map: blocks.5.norm2.weight from d2v_model.blocks.5.norm2.weight in ckpt
2026-08-28 14:27:00 - root - INFO - init param, map: blocks.5.norm2.bias from d2v_model.blocks.5.norm2.bias in ckpt
2026-08-28 14:27:00 - root - INFO - init param, map: blocks.5.mlp.fc1.weight from d2v_model.blocks.5.mlp.fc1.weight in ckpt
2026-08-28 14:27:00 - root - INFO - init param, map: blocks.5.mlp.fc1.bias from d2v_model.blocks.5.mlp.fc1.bias in ckpt
2026-08-28 14:27:00 - root - INFO - init param, map: blocks.5.mlp.fc2.weight from d2v_model.blocks.5.mlp.fc2.weight in ckpt
2026-08-28 14:27:00 - root - INFO - init param, map: blocks.5.mlp.fc2.bias from d2v_model.blocks.5.mlp.fc2.bias in ckpt
2026-08-28 14:27:00 - root - INFO - init param, map: blocks.6.norm1.weight from d2v_model.blocks.6.norm1.weight in ckpt
2026-08-28 14:27:00 - root - INFO - init param, map: blocks.6.norm1.bias from d2v_model.blocks.6.norm1.bias in ckpt
2026-08-28 14:27:00 - root - INFO - init param, map: blocks.6.attn.qkv.weight from d2v_model.blocks.6.attn.qkv.weight in ckpt
2026-08-28 14:27:00 - root - INFO - init param, map: blocks.6.attn.qkv.bias from d2v_model.blocks.6.attn.qkv.bias in ckpt
2026-08-28 14:27:00 - root - INFO - init param, map: blocks.6.attn.proj.weight from d2v_model.blocks.6.attn.proj.weight in ckpt
2026-08-28 14:27:00 - root - INFO - init param, map: blocks.6.attn.proj.bias from d2v_model.blocks.6.attn.proj.bias in ckpt
2026-08-28 14:27:00 - root - INFO - init param, map: blocks.6.norm2.weight from d2v_model.blocks.6.norm2.weight in ckpt
2026-08-28 14:27:00 - root - INFO - init param, map: blocks.6.norm2.bias from d2v_model.blocks.6.norm2.bias in ckpt
2026-08-28 14:27:00 - root - INFO - init param, map: blocks.6.mlp.fc1.weight from d2v_model.blocks.6.mlp.fc1.weight in ckpt
2026-08-28 14:27:00 - root - INFO - init param, map: blocks.6.mlp.fc1.bias from d2v_model.blocks.6.mlp.fc1.bias in ckpt
2026-08-28 14:27:00 - root - INFO - init param, map: blocks.6.mlp.fc2.weight from d2v_model.blocks.6.mlp.fc2.weight in ckpt
2026-08-28 14:27:00 - root - INFO - init param, map: blocks.6.mlp.fc2.bias from d2v_model.blocks.6.mlp.fc2.bias in ckpt
2026-08-28 14:27:00 - root - INFO - init param, map: blocks.7.norm1.weight from d2v_model.blocks.7.norm1.weight in ckpt
2026-08-28 14:27:00 - root - INFO - init param, map: blocks.7.norm1.bias from d2v_model.blocks.7.norm1.bias in ckpt
2026-08-28 14:27:00 - root - INFO - init param, map: blocks.7.attn.qkv.weight from d2v_model.blocks.7.attn.qkv.weight in ckpt
2026-08-28 14:27:00 - root - INFO - init param, map: blocks.7.attn.qkv.bias from d2v_model.blocks.7.attn.qkv.bias in ckpt
2026-08-28 14:27:00 - root - INFO - init param, map: blocks.7.attn.proj.weight from d2v_model.blocks.7.attn.proj.weight in ckpt
2026-08-28 14:27:00 - root - INFO - init param, map: blocks.7.attn.proj.bias from d2v_model.blocks.7.attn.proj.bias in ckpt
2026-08-28 14:27:00 - root - INFO - init param, map: blocks.7.norm2.weight from d2v_model.blocks.7.norm2.weight in ckpt
2026-08-28 14:27:00 - root - INFO - init param, map: blocks.7.norm2.bias from d2v_model.blocks.7.norm2.bias in ckpt
2026-08-28 14:27:00 - root - INFO - init param, map: blocks.7.mlp.fc1.weight from d2v_model.blocks.7.mlp.fc1.weight in ckpt
2026-08-28 14:27:00 - root - INFO - init param, map: blocks.7.mlp.fc1.bias from d2v_model.blocks.7.mlp.fc1.bias in ckpt
2026-08-28 14:27:00 - root - INFO - init param, map: blocks.7.mlp.fc2.weight from d2v_model.blocks.7.mlp.fc2.weight in ckpt
2026-08-28 14:27:00 - root - INFO - init param, map: blocks.7.mlp.fc2.bias from d2v_model.blocks.7.mlp.fc2.bias in ckpt
2026-08-28 14:27:00 - root - INFO - Loading ckpt: C:\Users\Administrator\.cache\huggingface\hub\models--emotion2vec--emotion2vec_plus_seed\snapshots\7be9a30d52bdc793cc24e6f7d25358d6648927c1\model.pt, status: <All keys matched successfully>
2026-08-28 14:27:01 - accelerate.utils.modeling - INFO - We will use 90% of the memory on device 0 for storing the model, and 10% for the buffer to avoid OOM. You can set `max_memory` in to a higher value to use more memory (at your own risk).
2026-08-28 14:27:01 - server.services.bertServices - INFO - passing sentence This is a warmup sentence for the machine learning models through distilbert
2026-08-28 14:27:01 - server.services.bertServices - INFO - time for distilbert inference : 0.22999739999977464 seconds
2026-08-28 14:27:02 - __main__ - INFO - Sample rate for current audio file is 48000
2026-08-28 14:27:02 - server.services.emotionsServices - INFO - Time for emotion2vec inference : 0.6393608000016684 seconds
2026-08-28 14:27:03 - faster_whisper - INFO - Processing audio with duration 00:08.533
2026-08-28 14:27:03 - faster_whisper - INFO - VAD filter removed 00:02.101 of audio
2026-08-28 14:27:04 - server.services.whisperServices - INFO - time for whisper inference : 1.7583441999995557 seconds
2026-08-28 14:27:08 - server.services.kokoroServices - INFO - TTFT for kokoro: 0.7019177999991371 sec
2026-08-28 14:27:08 - server.services.kokoroServices - INFO - Time for kokoro inference: 0.7021141000004718 sec
2026-08-28 14:27:08 - __main__ - INFO - ======== RUNNING TEST FOR INFERENCE TIMES =======
2026-08-28 14:27:08 - server.services.bertServices - INFO - passing sentence This is a warmup sentence for the machine learning models through distilbert
2026-08-28 14:27:08 - server.services.bertServices - INFO - time for distilbert inference : 0.009858200000962825 seconds
2026-08-28 14:27:08 - server.services.emotionsServices - INFO - Time for emotion2vec inference : 0.36663039999984903 seconds
2026-08-28 14:27:09 - faster_whisper - INFO - Processing audio with duration 00:08.533
2026-08-28 14:27:09 - faster_whisper - INFO - VAD filter removed 00:02.101 of audio
2026-08-28 14:27:10 - server.services.whisperServices - INFO - time for whisper inference : 1.2132156000006944 seconds
2026-08-28 14:27:10 - server.services.kokoroServices - INFO - TTFT for kokoro: 0.2209729000005609 sec
2026-08-28 14:27:10 - server.services.kokoroServices - INFO - Time for kokoro inference: 0.22114970000075118 sec
2026-08-28 14:46:00 - server.services.kokoroServices - INFO - Passing [Hello! Thank you for taking the time to speak with me today. I am excited about the opportunity to discuss the role and learn more about your team. I am ready whenever you are.] through kokoro
2026-08-28 14:46:00 - server.services.bertServices - INFO - passing sentence Hello! Thank you for taking the time to speak with me today. I am excited about the opportunity to discuss the role and learn more about your team. I am ready whenever you are. through distilbert
2026-08-28 14:46:00 - server.services.bertServices - INFO - time for distilbert inference : 0.024638900000354624 seconds
2026-08-28 14:46:00 - server.services.bertServices - INFO - time for distilbert mapping : 0.011853200001496589 seconds
2026-08-28 14:46:00 - server.services.bertServices - INFO - time for distilbert post processing : 0.00032559999999648426 seconds
2026-08-28 14:46:01 - server.services.kokoroServices - INFO - TTFT for kokoro: 0.6139476999996987 sec
2026-08-28 14:46:01 - server.services.kokoroServices - INFO - Time for kokoro inference: 0.6163298999999824 sec
